Component: ARM Compiler 5.06 update 2 (build 183) Tool: armlink [4d35b7]

==============================================================================

Section Cross References

    stm32l4xx_ll_usb.o(i.USB_ActivateDedicatedEndpoint) refers to stm32l4xx_ll_usb.o(.data) for .data
    stm32l4xx_ll_usb.o(i.USB_CoreInit) refers to stm32l4xx_ll_usb.o(i.USB_CoreReset) for USB_CoreReset
    stm32l4xx_ll_usb.o(i.USB_DevConnect) refers to stm32l4xx_hal.o(i.HAL_Delay) for HAL_Delay
    stm32l4xx_ll_usb.o(i.USB_DevDisconnect) refers to stm32l4xx_hal.o(i.HAL_Delay) for HAL_Delay
    stm32l4xx_ll_usb.o(i.USB_DevInit) refers to stm32l4xx_ll_usb.o(i.USB_FlushTxFifo) for USB_FlushTxFifo
    stm32l4xx_ll_usb.o(i.USB_DevInit) refers to stm32l4xx_ll_usb.o(i.USB_FlushRxFifo) for USB_FlushRxFifo
    stm32l4xx_ll_usb.o(i.USB_EPStartXfer) refers to stm32l4xx_ll_usb.o(i.USB_WritePacket) for USB_WritePacket
    stm32l4xx_ll_usb.o(i.USB_HC_StartXfer) refers to stm32l4xx_ll_usb.o(i.USB_WritePacket) for USB_WritePacket
    stm32l4xx_ll_usb.o(i.USB_HostInit) refers to stm32l4xx_ll_usb.o(i.USB_FlushTxFifo) for USB_FlushTxFifo
    stm32l4xx_ll_usb.o(i.USB_HostInit) refers to stm32l4xx_ll_usb.o(i.USB_FlushRxFifo) for USB_FlushRxFifo
    stm32l4xx_ll_usb.o(i.USB_HostInit) refers to stm32l4xx_ll_usb.o(i.USB_DriveVbus) for USB_DriveVbus
    stm32l4xx_ll_usb.o(i.USB_HostInit) refers to stm32l4xx_hal.o(i.HAL_Delay) for HAL_Delay
    stm32l4xx_ll_usb.o(i.USB_ResetPort) refers to stm32l4xx_hal.o(i.HAL_Delay) for HAL_Delay
    stm32l4xx_ll_usb.o(i.USB_SetCurrentMode) refers to stm32l4xx_hal.o(i.HAL_Delay) for HAL_Delay
    stm32l4xx_ll_usb.o(i.USB_StopDevice) refers to stm32l4xx_ll_usb.o(i.USB_FlushRxFifo) for USB_FlushRxFifo
    stm32l4xx_ll_usb.o(i.USB_StopDevice) refers to stm32l4xx_ll_usb.o(i.USB_FlushTxFifo) for USB_FlushTxFifo
    stm32l4xx_ll_usb.o(i.USB_StopHost) refers to stm32l4xx_ll_usb.o(i.USB_FlushTxFifo) for USB_FlushTxFifo
    stm32l4xx_ll_usb.o(i.USB_StopHost) refers to stm32l4xx_ll_usb.o(i.USB_FlushRxFifo) for USB_FlushRxFifo
    stm32l4xx_hal_rcc_ex.o(i.HAL_RCCEx_DisableLSCO) refers to stm32l4xx_hal_pwr.o(i.HAL_PWR_EnableBkUpAccess) for HAL_PWR_EnableBkUpAccess
    stm32l4xx_hal_rcc_ex.o(i.HAL_RCCEx_DisableLSCO) refers to stm32l4xx_hal_pwr.o(i.HAL_PWR_DisableBkUpAccess) for HAL_PWR_DisableBkUpAccess
    stm32l4xx_hal_rcc_ex.o(i.HAL_RCCEx_DisablePLLSAI1) refers to stm32l4xx_hal.o(i.HAL_GetTick) for HAL_GetTick
    stm32l4xx_hal_rcc_ex.o(i.HAL_RCCEx_DisablePLLSAI2) refers to stm32l4xx_hal.o(i.HAL_GetTick) for HAL_GetTick
    stm32l4xx_hal_rcc_ex.o(i.HAL_RCCEx_EnableLSCO) refers to stm32l4xx_hal_gpio.o(i.HAL_GPIO_Init) for HAL_GPIO_Init
    stm32l4xx_hal_rcc_ex.o(i.HAL_RCCEx_EnableLSCO) refers to stm32l4xx_hal_pwr.o(i.HAL_PWR_EnableBkUpAccess) for HAL_PWR_EnableBkUpAccess
    stm32l4xx_hal_rcc_ex.o(i.HAL_RCCEx_EnableLSCO) refers to stm32l4xx_hal_pwr.o(i.HAL_PWR_DisableBkUpAccess) for HAL_PWR_DisableBkUpAccess
    stm32l4xx_hal_rcc_ex.o(i.HAL_RCCEx_EnablePLLSAI1) refers to stm32l4xx_hal.o(i.HAL_GetTick) for HAL_GetTick
    stm32l4xx_hal_rcc_ex.o(i.HAL_RCCEx_EnablePLLSAI2) refers to stm32l4xx_hal.o(i.HAL_GetTick) for HAL_GetTick
    stm32l4xx_hal_rcc_ex.o(i.HAL_RCCEx_GetPeriphCLKFreq) refers to stm32l4xx_hal_rcc.o(i.HAL_RCC_GetPCLK2Freq) for HAL_RCC_GetPCLK2Freq
    stm32l4xx_hal_rcc_ex.o(i.HAL_RCCEx_GetPeriphCLKFreq) refers to stm32l4xx_hal_rcc.o(i.HAL_RCC_GetSysClockFreq) for HAL_RCC_GetSysClockFreq
    stm32l4xx_hal_rcc_ex.o(i.HAL_RCCEx_GetPeriphCLKFreq) refers to stm32l4xx_hal_rcc.o(i.HAL_RCC_GetPCLK1Freq) for HAL_RCC_GetPCLK1Freq
    stm32l4xx_hal_rcc_ex.o(i.HAL_RCCEx_LSECSS_IRQHandler) refers to stm32l4xx_hal_rcc_ex.o(i.HAL_RCCEx_LSECSS_Callback) for HAL_RCCEx_LSECSS_Callback
    stm32l4xx_hal_rcc_ex.o(i.HAL_RCCEx_PeriphCLKConfig) refers to stm32l4xx_hal_rcc_ex.o(i.RCCEx_PLLSAI1_ConfigNP) for RCCEx_PLLSAI1_ConfigNP
    stm32l4xx_hal_rcc_ex.o(i.HAL_RCCEx_PeriphCLKConfig) refers to stm32l4xx_hal_rcc_ex.o(i.RCCEx_PLLSAI2_ConfigNP) for RCCEx_PLLSAI2_ConfigNP
    stm32l4xx_hal_rcc_ex.o(i.HAL_RCCEx_PeriphCLKConfig) refers to stm32l4xx_hal.o(i.HAL_GetTick) for HAL_GetTick
    stm32l4xx_hal_rcc_ex.o(i.HAL_RCCEx_PeriphCLKConfig) refers to stm32l4xx_hal_rcc_ex.o(i.RCCEx_PLLSAI1_ConfigNQ) for RCCEx_PLLSAI1_ConfigNQ
    stm32l4xx_hal_rcc_ex.o(i.HAL_RCCEx_PeriphCLKConfig) refers to stm32l4xx_hal_rcc_ex.o(i.RCCEx_PLLSAI1_ConfigNR) for RCCEx_PLLSAI1_ConfigNR
    stm32l4xx_hal_rcc_ex.o(i.HAL_RCCEx_PeriphCLKConfig) refers to stm32l4xx_hal_rcc_ex.o(i.RCCEx_PLLSAI2_ConfigNR) for RCCEx_PLLSAI2_ConfigNR
    stm32l4xx_hal_rcc_ex.o(i.RCCEx_PLLSAI1_ConfigNP) refers to stm32l4xx_hal.o(i.HAL_GetTick) for HAL_GetTick
    stm32l4xx_hal_rcc_ex.o(i.RCCEx_PLLSAI1_ConfigNQ) refers to stm32l4xx_hal.o(i.HAL_GetTick) for HAL_GetTick
    stm32l4xx_hal_rcc_ex.o(i.RCCEx_PLLSAI1_ConfigNR) refers to stm32l4xx_hal.o(i.HAL_GetTick) for HAL_GetTick
    stm32l4xx_hal_rcc_ex.o(i.RCCEx_PLLSAI2_ConfigNP) refers to stm32l4xx_hal.o(i.HAL_GetTick) for HAL_GetTick
[...]
    i.HAL_PCDEx_SetRxFiFo                    0x08001bde   Section        0  stm32l4xx_hal_pcd_ex.o(i.HAL_PCDEx_SetRxFiFo)
    i.HAL_PCDEx_SetTxFiFo                    0x08001be6   Section        0  stm32l4xx_hal_pcd_ex.o(i.HAL_PCDEx_SetTxFiFo)
    i.HAL_PCD_ConnectCallback                0x08001c2a   Section        0  usbd_conf.o(i.HAL_PCD_ConnectCallback)
    i.HAL_PCD_DataInStageCallback            0x08001c32   Section        0  usbd_conf.o(i.HAL_PCD_DataInStageCallback)
    i.HAL_PCD_DataOutStageCallback           0x08001c44   Section        0  usbd_conf.o(i.HAL_PCD_DataOutStageCallback)
    i.HAL_PCD_DisconnectCallback             0x08001c58   Section        0  usbd_conf.o(i.HAL_PCD_DisconnectCallback)
    i.HAL_PCD_EP_Close                       0x08001c60   Section        0  stm32l4xx_hal_pcd.o(i.HAL_PCD_EP_Close)
    i.HAL_PCD_EP_ClrStall                    0x08001ca4   Section        0  stm32l4xx_hal_pcd.o(i.HAL_PCD_EP_ClrStall)
    i.HAL_PCD_EP_GetRxCount                  0x08001cf4   Section        0  stm32l4xx_hal_pcd.o(i.HAL_PCD_EP_GetRxCount)
    i.HAL_PCD_EP_Open                        0x08001d08   Section        0  stm32l4xx_hal_pcd.o(i.HAL_PCD_EP_Open)
    i.HAL_PCD_EP_Receive                     0x08001d50   Section        0  stm32l4xx_hal_pcd.o(i.HAL_PCD_EP_Receive)
    i.HAL_PCD_EP_SetStall                    0x08001da6   Section        0  stm32l4xx_hal_pcd.o(i.HAL_PCD_EP_SetStall)
    i.HAL_PCD_EP_Transmit                    0x08001e06   Section        0  stm32l4xx_hal_pcd.o(i.HAL_PCD_EP_Transmit)
    i.HAL_PCD_IRQHandler                     0x08001e54   Section        0  stm32l4xx_hal_pcd.o(i.HAL_PCD_IRQHandler)
    i.HAL_PCD_ISOINIncompleteCallback        0x080022a4   Section        0  usbd_conf.o(i.HAL_PCD_ISOINIncompleteCallback)
    i.HAL_PCD_ISOOUTIncompleteCallback       0x080022ac   Section        0  usbd_conf.o(i.HAL_PCD_ISOOUTIncompleteCallback)
    i.HAL_PCD_Init                           0x080022b4   Section        0  stm32l4xx_hal_pcd.o(i.HAL_PCD_Init)
    i.HAL_PCD_MspInit                        0x08002398   Section        0  usbd_conf.o(i.HAL_PCD_MspInit)
    i.HAL_PCD_ResetCallback                  0x08002418   Section        0  usbd_conf.o(i.HAL_PCD_ResetCallback)
    i.HAL_PCD_ResumeCallback                 0x08002434   Section        0  usbd_conf.o(i.HAL_PCD_ResumeCallback)
    i.HAL_PCD_SOFCallback                    0x08002468   Section        0  usbd_conf.o(i.HAL_PCD_SOFCallback)
    i.HAL_PCD_SetAddress                     0x08002470   Section        0  stm32l4xx_hal_pcd.o(i.HAL_PCD_SetAddress)
    i.HAL_PCD_SetupStageCallback             0x08002498   Section        0  usbd_conf.o(i.HAL_PCD_SetupStageCallback)
    i.HAL_PCD_Start                          0x080024a6   Section        0  stm32l4xx_hal_pcd.o(i.HAL_PCD_Start)
    i.HAL_PCD_SuspendCallback                0x080024d0   Section        0  usbd_conf.o(i.HAL_PCD_SuspendCallback)
    i.HAL_PWREx_ControlVoltageScaling        0x08002500   Section        0  stm32l4xx_hal_pwr_ex.o(i.HAL_PWREx_ControlVoltageScaling)
    i.HAL_PWREx_EnableVddUSB                 0x08002564   Section        0  stm32l4xx_hal_pwr_ex.o(i.HAL_PWREx_EnableVddUSB)
    i.HAL_PWREx_GetVoltageRange              0x08002574   Section        0  stm32l4xx_hal_pwr_ex.o(i.HAL_PWREx_GetVoltageRange)
    i.HAL_RCCEx_EnableMSIPLLMode             0x08002584   Section        0  stm32l4xx_hal_rcc_ex.o(i.HAL_RCCEx_EnableMSIPLLMode)
    i.HAL_RCCEx_PeriphCLKConfig              0x08002594   Section        0  stm32l4xx_hal_rcc_ex.o(i.HAL_RCCEx_PeriphCLKConfig)
    i.HAL_RCC_ClockConfig                    0x08002938   Section        0  stm32l4xx_hal_rcc.o(i.HAL_RCC_ClockConfig)
    i.HAL_RCC_GetHCLKFreq                    0x08002ab8   Section        0  stm32l4xx_hal_rcc.o(i.HAL_RCC_GetHCLKFreq)
    i.HAL_RCC_GetSysClockFreq                0x08002ac4   Section        0  stm32l4xx_hal_rcc.o(i.HAL_RCC_GetSysClockFreq)
    i.HAL_RCC_OscConfig                      0x08002bc0   Section        0  stm32l4xx_hal_rcc.o(i.HAL_RCC_OscConfig)
    i.HAL_SYSTICK_CLKSourceConfig            0x08003060   Section        0  stm32l4xx_hal_cortex.o(i.HAL_SYSTICK_CLKSourceConfig)
    i.HAL_SYSTICK_Callback                   0x08003078   Section        0  stm32l4xx_hal_cortex.o(i.HAL_SYSTICK_Callback)
    i.HAL_SYSTICK_Config                     0x0800307a   Section        0  stm32l4xx_hal_cortex.o(i.HAL_SYSTICK_Config)
    i.HAL_SYSTICK_IRQHandler                 0x080030a2   Section        0  stm32l4xx_hal_cortex.o(i.HAL_SYSTICK_IRQHandler)
    i.HardFault_Handler                      0x080030aa   Section        0  stm32l4xx_it.o(i.HardFault_Handler)
    i.MX_ADC1_Init                           0x080030ac   Section        0  rapidtest.o(i.MX_ADC1_Init)
    i.MX_ADC2_Init                           0x08003110   Section        0  rapidtest.o(i.MX_ADC2_Init)
    i.MX_DMA_Init                            0x08003170   Section        0  rapidtest.o(i.MX_DMA_Init)
    i.MX_GPIO_Init                           0x080031bc   Section        0  rapidtest.o(i.MX_GPIO_Init)
    i.MX_USB_DEVICE_Init                     0x08003280   Section        0  usb_device.o(i.MX_USB_DEVICE_Init)
    i.MemManage_Handler                      0x080032c4   Section        0  stm32l4xx_it.o(i.MemManage_Handler)
    i.NMI_Handler                            0x080032c6   Section        0  stm32l4xx_it.o(i.NMI_Handler)
    i.NVIC_SetPriority                       0x080032c8   Section        0  stm32l4xx_hal_cortex.o(i.NVIC_SetPriority)
    NVIC_SetPriority                         0x080032c9   Thumb Code    32  stm32l4xx_hal_cortex.o(i.NVIC_SetPriority)
    i.OTG_FS_IRQHandler                      0x080032e8   Section        0  stm32l4xx_it.o(i.OTG_FS_IRQHandler)
    i.PCD_WriteEmptyTxFifo                   0x080032f4   Section        0  stm32l4xx_hal_pcd.o(i.PCD_WriteEmptyTxFifo)
    PCD_WriteEmptyTxFifo                     0x080032f5   Thumb Code   150  stm32l4xx_hal_pcd.o(i.PCD_WriteEmptyTxFifo)
    i.RCCEx_PLLSAI1_ConfigNP                 0x08003390   Section        0  stm32l4xx_hal_rcc_ex.o(i.RCCEx_PLLSAI1_ConfigNP)
    RCCEx_PLLSAI1_ConfigNP                   0x08003391   Thumb Code   150  stm32l4xx_hal_rcc_ex.o(i.RCCEx_PLLSAI1_ConfigNP)
    i.RCCEx_PLLSAI1_ConfigNQ                 0x0800342c   Section        0  stm32l4xx_hal_rcc_ex.o(i.RCCEx_PLLSAI1_ConfigNQ)
    RCCEx_PLLSAI1_ConfigNQ                   0x0800342d   Thumb Code   154  stm32l4xx_hal_rcc_ex.o(i.RCCEx_PLLSAI1_ConfigNQ)
    i.RCCEx_PLLSAI1_ConfigNR                 0x080034cc   Section        0  stm32l4xx_hal_rcc_ex.o(i.RCCEx_PLLSAI1_ConfigNR)
    RCCEx_PLLSAI1_ConfigNR                   0x080034cd   Thumb Code   154  stm32l4xx_hal_rcc_ex.o(i.RCCEx_PLLSAI1_ConfigNR)
    i.RCCEx_PLLSAI2_ConfigNP                 0x0800356c   Section        0  stm32l4xx_hal_rcc_ex.o(i.RCCEx_PLLSAI2_ConfigNP)
    RCCEx_PLLSAI2_ConfigNP                   0x0800356d   Thumb Code   150  stm32l4xx_hal_rcc_ex.o(i.RCCEx_PLLSAI2_ConfigNP)
    i.RCCEx_PLLSAI2_ConfigNR                 0x08003608   Section        0  stm32l4xx_hal_rcc_ex.o(i.RCCEx_PLLSAI2_ConfigNR)
    RCCEx_PLLSAI2_ConfigNR                   0x08003609   Thumb Code   154  stm32l4xx_hal_rcc_ex.o(i.RCCEx_PLLSAI2_ConfigNR)
    i.RCC_SetFlashLatencyFromMSIRange        0x080036a8   Section        0  stm32l4xx_hal_rcc.o(i.RCC_SetFlashLatencyFromMSIRange)
    RCC_SetFlashLatencyFromMSIRange          0x080036a9   Thumb Code   116  stm32l4xx_hal_rcc.o(i.RCC_SetFlashLatencyFromMSIRange)
    i.SysTick_Handler                        0x08003724   Section        0  stm32l4xx_it.o(i.SysTick_Handler)
    i.SystemClock_Config                     0x08003734   Section        0  rapidtest.o(i.SystemClock_Config)
    i.SystemInit                             0x080037ec   Section        0  system_stm32l4xx.o(i.SystemInit)
    i.USBD_CDC_DataIn                        0x08003830   Section        0  usbd_cdc.o(i.USBD_CDC_DataIn)
    USBD_CDC_DataIn                          0x08003831   Thumb Code    20  usbd_cdc.o(i.USBD_CDC_DataIn)
    i.USBD_CDC_DataOut                       0x08003844   Section        0  usbd_cdc.o(i.USBD_CDC_DataOut)
    USBD_CDC_DataOut                         0x08003845   Thumb Code    46  usbd_cdc.o(i.USBD_CDC_DataOut)
    i.USBD_CDC_DeInit                        0x08003872   Section        0  usbd_cdc.o(i.USBD_CDC_DeInit)
    USBD_CDC_DeInit                          0x08003873   Thumb Code    60  usbd_cdc.o(i.USBD_CDC_DeInit)
    i.USBD_CDC_EP0_RxReady                   0x080038ae   Section        0  usbd_cdc.o(i.USBD_CDC_EP0_RxReady)
    USBD_CDC_EP0_RxReady                     0x080038af   Thumb Code    36  usbd_cdc.o(i.USBD_CDC_EP0_RxReady)
    i.USBD_CDC_GetDeviceQualifierDescriptor  0x080038d4   Section        0  usbd_cdc.o(i.USBD_CDC_GetDeviceQualifierDescriptor)
    i.USBD_CDC_GetFSCfgDesc                  0x080038e0   Section        0  usbd_cdc.o(i.USBD_CDC_GetFSCfgDesc)
    USBD_CDC_GetFSCfgDesc                    0x080038e1   Thumb Code     8  usbd_cdc.o(i.USBD_CDC_GetFSCfgDesc)
    i.USBD_CDC_GetHSCfgDesc                  0x080038ec   Section        0  usbd_cdc.o(i.USBD_CDC_GetHSCfgDesc)
    USBD_CDC_GetHSCfgDesc                    0x080038ed   Thumb Code     8  usbd_cdc.o(i.USBD_CDC_GetHSCfgDesc)
    i.USBD_CDC_GetOtherSpeedCfgDesc          0x080038f8   Section        0  usbd_cdc.o(i.USBD_CDC_GetOtherSpeedCfgDesc)
    USBD_CDC_GetOtherSpeedCfgDesc            0x080038f9   Thumb Code     8  usbd_cdc.o(i.USBD_CDC_GetOtherSpeedCfgDesc)
    i.USBD_CDC_Init                          0x08003904   Section        0  usbd_cdc.o(i.USBD_CDC_Init)
    USBD_CDC_Init                            0x08003905   Thumb Code   136  usbd_cdc.o(i.USBD_CDC_Init)
    i.USBD_CDC_ReceivePacket                 0x0800398c   Section        0  usbd_cdc.o(i.USBD_CDC_ReceivePacket)
    i.USBD_CDC_RegisterInterface             0x080039b4   Section        0  usbd_cdc.o(i.USBD_CDC_RegisterInterface)
    i.USBD_CDC_SetRxBuffer                   0x080039c4   Section        0  usbd_cdc.o(i.USBD_CDC_SetRxBuffer)
    i.USBD_CDC_SetTxBuffer                   0x080039d0   Section        0  usbd_cdc.o(i.USBD_CDC_SetTxBuffer)
    i.USBD_CDC_Setup                         0x080039e0   Section        0  usbd_cdc.o(i.USBD_CDC_Setup)
    USBD_CDC_Setup                           0x080039e1   Thumb Code   106  usbd_cdc.o(i.USBD_CDC_Setup)
    i.USBD_CDC_TransmitPacket                0x08003a50   Section        0  usbd_cdc.o(i.USBD_CDC_TransmitPacket)
    i.USBD_ClrClassConfig                    0x08003a80   Section        0  usbd_core.o(i.USBD_ClrClassConfig)
    i.USBD_CtlContinueRx                     0x08003a8e   Section        0  usbd_ioreq.o(i.USBD_CtlContinueRx)
    i.USBD_CtlContinueSendData               0x08003a9e   Section        0  usbd_ioreq.o(i.USBD_CtlContinueSendData)
    i.USBD_CtlError                          0x08003aae   Section        0  usbd_ctlreq.o(i.USBD_CtlError)
    i.USBD_CtlPrepareRx                      0x08003ac4   Section        0  usbd_ioreq.o(i.USBD_CtlPrepareRx)
    i.USBD_CtlReceiveStatus                  0x08003ae2   Section        0  usbd_ioreq.o(i.USBD_CtlReceiveStatus)
    i.USBD_CtlSendData                       0x08003af8   Section        0  usbd_ioreq.o(i.USBD_CtlSendData)
    i.USBD_CtlSendStatus                     0x08003b12   Section        0  usbd_ioreq.o(i.USBD_CtlSendStatus)
    i.USBD_FS_ConfigStrDescriptor            0x08003b28   Section        0  usbd_desc.o(i.USBD_FS_ConfigStrDescriptor)
    i.USBD_FS_DeviceDescriptor               0x08003b48   Section        0  usbd_desc.o(i.USBD_FS_DeviceDescriptor)
    i.USBD_FS_InterfaceStrDescriptor         0x08003b54   Section        0  usbd_desc.o(i.USBD_FS_InterfaceStrDescriptor)
    i.USBD_FS_LangIDStrDescriptor            0x08003b78   Section        0  usbd_desc.o(i.USBD_FS_LangIDStrDescriptor)
    i.USBD_FS_ManufacturerStrDescriptor      0x08003b84   Section        0  usbd_desc.o(i.USBD_FS_ManufacturerStrDescriptor)
    i.USBD_FS_ProductStrDescriptor           0x08003bac   Section        0  usbd_desc.o(i.USBD_FS_ProductStrDescriptor)
    i.USBD_FS_SerialStrDescriptor            0x08003bd8   Section        0  usbd_desc.o(i.USBD_FS_SerialStrDescriptor)
    i.USBD_GetDescriptor                     0x08003bfc   Section        0  usbd_ctlreq.o(i.USBD_GetDescriptor)
    USBD_GetDescriptor                       0x08003bfd   Thumb Code   224  usbd_ctlreq.o(i.USBD_GetDescriptor)
    i.USBD_GetString                         0x08003cdc   Section        0  usbd_ctlreq.o(i.USBD_GetString)
    i.USBD_Init                              0x08003d22   Section        0  usbd_core.o(i.USBD_Init)
    i.USBD_LL_BatteryCharging                0x08003d4c   Section        0  usbd_conf.o(i.USBD_LL_BatteryCharging)
    i.USBD_LL_ClearStallEP                   0x08003d5e   Section        0  usbd_conf.o(i.USBD_LL_ClearStallEP)
    i.USBD_LL_CloseEP                        0x08003d6c   Section        0  usbd_conf.o(i.USBD_LL_CloseEP)
    i.USBD_LL_DataInStage                    0x08003d7a   Section        0  usbd_core.o(i.USBD_LL_DataInStage)
    i.USBD_LL_DataOutStage                   0x08003e24   Section        0  usbd_core.o(i.USBD_LL_DataOutStage)
    i.USBD_LL_DevConnected                   0x08003e8e   Section        0  usbd_core.o(i.USBD_LL_DevConnected)
    i.USBD_LL_DevDisconnected                0x08003e92   Section        0  usbd_core.o(i.USBD_LL_DevDisconnected)
    i.USBD_LL_GetRxDataSize                  0x08003ea8   Section        0  usbd_conf.o(i.USBD_LL_GetRxDataSize)
    i.USBD_LL_Init                           0x08003eb0   Section        0  usbd_conf.o(i.USBD_LL_Init)
    i.USBD_LL_IsStallEP                      0x08003f08   Section        0  usbd_conf.o(i.USBD_LL_IsStallEP)
    i.USBD_LL_IsoINIncomplete                0x08003f28   Section        0  usbd_core.o(i.USBD_LL_IsoINIncomplete)
    i.USBD_LL_IsoOUTIncomplete               0x08003f2c   Section        0  usbd_core.o(i.USBD_LL_IsoOUTIncomplete)
    i.USBD_LL_OpenEP                         0x08003f30   Section        0  usbd_conf.o(i.USBD_LL_OpenEP)
    i.USBD_LL_PrepareReceive                 0x08003f44   Section        0  usbd_conf.o(i.USBD_LL_PrepareReceive)
    i.USBD_LL_Reset                          0x08003f52   Section        0  usbd_core.o(i.USBD_LL_Reset)
    i.USBD_LL_Resume                         0x08003f90   Section        0  usbd_core.o(i.USBD_LL_Resume)
    i.USBD_LL_SOF                            0x08003f9c   Section        0  usbd_core.o(i.USBD_LL_SOF)
    i.USBD_LL_SetSpeed                       0x08003fb4   Section        0  usbd_core.o(i.USBD_LL_SetSpeed)
    i.USBD_LL_SetUSBAddress                  0x08003fba   Section        0  usbd_conf.o(i.USBD_LL_SetUSBAddress)
    i.USBD_LL_SetupStage                     0x08003fc8   Section        0  usbd_core.o(i.USBD_LL_SetupStage)
    i.USBD_LL_StallEP                        0x08004022   Section        0  usbd_conf.o(i.USBD_LL_StallEP)
    i.USBD_LL_Start                          0x08004030   Section        0  usbd_conf.o(i.USBD_LL_Start)
    i.USBD_LL_Suspend                        0x0800403e   Section        0  usbd_core.o(i.USBD_LL_Suspend)
    i.USBD_LL_Transmit                       0x08004050   Section        0  usbd_conf.o(i.USBD_LL_Transmit)
    i.USBD_ParseSetupRequest                 0x0800405e   Section        0  usbd_ctlreq.o(i.USBD_ParseSetupRequest)
    i.USBD_RegisterClass                     0x08004086   Section        0  usbd_core.o(i.USBD_RegisterClass)
    i.USBD_SetClassConfig                    0x08004096   Section        0  usbd_core.o(i.USBD_SetClassConfig)
    i.USBD_SetConfig                         0x080040ac   Section        0  usbd_ctlreq.o(i.USBD_SetConfig)
    USBD_SetConfig                           0x080040ad   Thumb Code   110  usbd_ctlreq.o(i.USBD_SetConfig)
    i.USBD_Start                             0x08004120   Section        0  usbd_core.o(i.USBD_Start)
    i.USBD_StdDevReq                         0x0800412a   Section        0  usbd_ctlreq.o(i.USBD_StdDevReq)
    i.USBD_StdEPReq                          0x0800421c   Section        0  usbd_ctlreq.o(i.USBD_StdEPReq)
    i.USBD_StdItfReq                         0x080042f8   Section        0  usbd_ctlreq.o(i.USBD_StdItfReq)
    i.USBD_static_free                       0x0800432c   Section        0  usbd_conf.o(i.USBD_static_free)
    i.USBD_static_malloc                     0x08004330   Section        0  usbd_conf.o(i.USBD_static_malloc)
    i.USB_ActivateEndpoint                   0x08004338   Section        0  stm32l4xx_ll_usb.o(i.USB_ActivateEndpoint)
    i.USB_ActivateSetup                      0x080043b8   Section        0  stm32l4xx_ll_usb.o(i.USB_ActivateSetup)
    i.USB_CoreInit                           0x080043ec   Section        0  stm32l4xx_ll_usb.o(i.USB_CoreInit)
    i.USB_CoreReset                          0x08004410   Section        0  stm32l4xx_ll_usb.o(i.USB_CoreReset)
    USB_CoreReset                            0x08004411   Thumb Code    70  stm32l4xx_ll_usb.o(i.USB_CoreReset)
    i.USB_DeactivateEndpoint                 0x0800445c   Section        0  stm32l4xx_ll_usb.o(i.USB_DeactivateEndpoint)
    i.USB_DevConnect                         0x080044ca   Section        0  stm32l4xx_ll_usb.o(i.USB_DevConnect)
    i.USB_DevDisconnect                      0x080044e2   Section        0  stm32l4xx_ll_usb.o(i.USB_DevDisconnect)
    i.USB_DevInit                            0x080044fc   Section        0  stm32l4xx_ll_usb.o(i.USB_DevInit)
    i.USB_DisableGlobalInt                   0x08004640   Section        0  stm32l4xx_ll_usb.o(i.USB_DisableGlobalInt)
    i.USB_EP0StartXfer                       0x0800464c   Section        0  stm32l4xx_ll_usb.o(i.USB_EP0StartXfer)
    i.USB_EP0_OutStart                       0x08004768   Section        0  stm32l4xx_ll_usb.o(i.USB_EP0_OutStart)
    i.USB_EPClearStall                       0x08004796   Section        0  stm32l4xx_ll_usb.o(i.USB_EPClearStall)
    i.USB_EPSetStall                         0x080047fa   Section        0  stm32l4xx_ll_usb.o(i.USB_EPSetStall)
    i.USB_EPStartXfer                        0x08004858   Section        0  stm32l4xx_ll_usb.o(i.USB_EPStartXfer)
    i.USB_EnableGlobalInt                    0x08004a50   Section        0  stm32l4xx_ll_usb.o(i.USB_EnableGlobalInt)
    i.USB_FlushRxFifo                        0x08004a5c   Section        0  stm32l4xx_ll_usb.o(i.USB_FlushRxFifo)
    i.USB_FlushTxFifo                        0x08004a7c   Section        0  stm32l4xx_ll_usb.o(i.USB_FlushTxFifo)
    i.USB_GetMode                            0x08004aa0   Section        0  stm32l4xx_ll_usb.o(i.USB_GetMode)
    i.USB_ReadDevAllInEpInterrupt            0x08004aa8   Section        0  stm32l4xx_ll_usb.o(i.USB_ReadDevAllInEpInterrupt)
    i.USB_ReadDevAllOutEpInterrupt           0x08004ab6   Section        0  stm32l4xx_ll_usb.o(i.USB_ReadDevAllOutEpInterrupt)
    i.USB_ReadDevInEPInterrupt               0x08004ac4   Section        0  stm32l4xx_ll_usb.o(i.USB_ReadDevInEPInterrupt)
    i.USB_ReadDevOutEPInterrupt              0x08004ae2   Section        0  stm32l4xx_ll_usb.o(i.USB_ReadDevOutEPInterrupt)
    i.USB_ReadInterrupts                     0x08004af2   Section        0  stm32l4xx_ll_usb.o(i.USB_ReadInterrupts)
    i.USB_ReadPacket                         0x08004afa   Section        0  stm32l4xx_ll_usb.o(i.USB_ReadPacket)
    i.USB_SetCurrentMode                     0x08004b1a   Section        0  stm32l4xx_ll_usb.o(i.USB_SetCurrentMode)
    i.USB_SetDevAddress                      0x08004b46   Section        0  stm32l4xx_ll_usb.o(i.USB_SetDevAddress)
    i.USB_WritePacket                        0x08004b68   Section        0  stm32l4xx_ll_usb.o(i.USB_WritePacket)
    i.UsageFault_Handler                     0x08004b8c   Section        0  stm32l4xx_it.o(i.UsageFault_Handler)
    i.__0sprintf$1                           0x08004b90   Section        0  printf1.o(i.__0sprintf$1)
    i.__scatterload_copy                     0x08004bb8   Section       14  handlers.o(i.__scatterload_copy)
    i.__scatterload_null                     0x08004bc6   Section        2  handlers.o(i.__scatterload_null)
    i.__scatterload_zeroinit                 0x08004bc8   Section       14  handlers.o(i.__scatterload_zeroinit)
    i._printf_core                           0x08004bd8   Section        0  printf1.o(i._printf_core)
    _printf_core                             0x08004bd9   Thumb Code   336  printf1.o(i._printf_core)
    i._sputc                                 0x08004d32   Section        0  printf1.o(i._sputc)
    _sputc                                   0x08004d33   Thumb Code    10  printf1.o(i._sputc)
    i.firstclock                             0x08004d3c   Section        0  main.o(i.firstclock)
    i.getadc1                                0x08004d6c   Section        0  rapidtest.o(i.getadc1)
    i.getadc2                                0x08004d88   Section        0  rapidtest.o(i.getadc2)
    i.getsensordata                          0x08004da4   Section        0  main.o(i.getsensordata)
    i.init                                   0x08004ed0   Section        0  rapidtest.o(i.init)
    i.main                                   0x08004f28   Section        0  main.o(i.main)
    i.nop                                    0x08004f5c   Section        0  main.o(i.nop)
    .constdata                               0x08004f68   Section       64  system_stm32l4xx.o(.constdata)
    .data                                    0x20000000   Section        4  stm32l4xx_hal.o(.data)
    .data                                    0x20000004   Section      219  usbd_cdc.o(.data)
    ifalt                                    0x20000004   Data           1  usbd_cdc.o(.data)
    USBD_CDC_DeviceQualifierDesc             0x20000008   Data          10  usbd_cdc.o(.data)
    .data                                    0x200000e0   Section       56  usbd_cdc.o(.data)
    .data                                    0x20000118   Section        1  usbd_ctlreq.o(.data)
    cfgidx                                   0x20000118   Data           1  usbd_ctlreq.o(.data)
    .data                                    0x2000011c   Section       16  usbd_cdc_if.o(.data)
    .data                                    0x2000012c   Section       12  usbd_cdc_if.o(.data)
    .data                                    0x20000138   Section       28  usbd_desc.o(.data)
    .data                                    0x20000154   Section       22  usbd_desc.o(.data)
    .data                                    0x2000016c   Section       19  main.o(.data)
    .data                                    0x20000180   Section        4  stm32l4xx_hal_msp.o(.data)
    HAL_RCC_ADC_CLK_ENABLED                  0x20000180   Data           4  stm32l4xx_hal_msp.o(.data)
    .data                                    0x20000184   Section        8  rapidtest.o(.data)
    .data                                    0x2000018c   Section        4  system_stm32l4xx.o(.data)
    .bss                                     0x20000190   Section     1516  usbd_conf.o(.bss)
    mem                                      0x20000190   Data         544  usbd_conf.o(.bss)
    .bss                                     0x2000077c   Section      512  usbd_desc.o(.bss)
    .bss                                     0x2000097c   Section      512  main.o(.bss)
    .bss                                     0x20000b7c   Section      548  usb_device.o(.bss)
    .bss                                     0x20000da0   Section      208  rapidtest.o(.bss)
    .bss                                     0x20000e70   Section       60  rapidtest.o(.bss)
    .bss                                     0x20000eac   Section       60  rapidtest.o(.bss)
    STACK                                    0x20000ee8   Section     1024  startup_stm32l476xx.o(STACK)

    Global Symbols

    Symbol Name                              Value     Ov Type        Size  Object(Section)

    BuildAttributes$$THM_ISAv4$E$P$D$K$B$S$7EM$VFPi3$EXTD16$VFPS$VFMA$PE$A:L22UL41UL21$X:L11$S22US41US21$IEEE1$IW$USESV6$~STKCKD$USESV7$~SHL$OSPACE$ROPI$EBA8$MICROLIB$REQ8$PRES8$EABIv2 0x00000000   Number         0  anon$$obj.o ABSOLUTE
    __ARM_use_no_argv                        0x00000000   Number         0  main.o ABSOLUTE
    _printf_a                                0x00000000   Number         0  stubs.o ABSOLUTE
    _printf_c                                0x00000000   Number         0  stubs.o ABSOLUTE
    _printf_charcount                        0x00000000   Number         0  stubs.o ABSOLUTE
    _printf_d                                0x00000000   Number         0  stubs.o ABSOLUTE
    _printf_e                                0x00000000   Number         0  stubs.o ABSOLUTE
    _printf_f                                0x00000000   Number         0  stubs.o ABSOLUTE
    _printf_flags                            0x00000000   Number         0  stubs.o ABSOLUTE
    _printf_fp_dec                           0x00000000   Number         0  stubs.o ABSOLUTE
    _printf_fp_hex                           0x00000000   Number         0  stubs.o ABSOLUTE
    _printf_g                                0x00000000   Number         0  stubs.o ABSOLUTE
    _printf_i                                0x00000000   Number         0  stubs.o ABSOLUTE
    _printf_int_dec                          0x00000000   Number         0  stubs.o ABSOLUTE
    _printf_l                                0x00000000   Number         0  stubs.o ABSOLUTE
    _printf_lc                               0x00000000   Number         0  stubs.o ABSOLUTE
    _printf_ll                               0x00000000   Number         0  stubs.o ABSOLUTE
    _printf_lld                              0x00000000   Number         0  stubs.o ABSOLUTE
    _printf_lli                              0x00000000   Number         0  stubs.o ABSOLUTE
    _printf_llo                              0x00000000   Number         0  stubs.o ABSOLUTE
    _printf_llu                              0x00000000   Number         0  stubs.o ABSOLUTE
    _printf_llx                              0x00000000   Number         0  stubs.o ABSOLUTE
    _printf_longlong_dec                     0x00000000   Number         0  stubs.o ABSOLUTE
    _printf_longlong_hex                     0x00000000   Number         0  stubs.o ABSOLUTE
    _printf_longlong_oct                     0x00000000   Number         0  stubs.o ABSOLUTE
    _printf_ls                               0x00000000   Number         0  stubs.o ABSOLUTE
    _printf_mbtowc                           0x00000000   Number         0  stubs.o ABSOLUTE
    _printf_n                                0x00000000   Number         0  stubs.o ABSOLUTE
    _printf_o                                0x00000000   Number         0  stubs.o ABSOLUTE
    _printf_p                                0x00000000   Number         0  stubs.o ABSOLUTE
    _printf_percent                          0x00000000   Number         0  stubs.o ABSOLUTE
    _printf_pre_padding                      0x00000000   Number         0  stubs.o ABSOLUTE
    _printf_return_value                     0x00000000   Number         0  stubs.o ABSOLUTE
    _printf_s                                0x00000000   Number         0  stubs.o ABSOLUTE
    _printf_sizespec                         0x00000000   Number         0  stubs.o ABSOLUTE
    _printf_str                              0x00000000   Number         0  stubs.o ABSOLUTE
    _printf_truncate_signed                  0x00000000   Number         0  stubs.o ABSOLUTE
    _printf_truncate_unsigned                0x00000000   Number         0  stubs.o ABSOLUTE
    _printf_u                                0x00000000   Number         0  stubs.o ABSOLUTE
    _printf_wc                               0x00000000   Number         0  stubs.o ABSOLUTE
    _printf_wctomb                           0x00000000   Number         0  stubs.o ABSOLUTE
    _printf_widthprec                        0x00000000   Number         0  stubs.o ABSOLUTE
    _printf_x                                0x00000000   Number         0  stubs.o ABSOLUTE
    __cpp_initialize__aeabi_                  - Undefined Weak Reference
    __cxa_finalize                            - Undefined Weak Reference
    _clock_init                               - Undefined Weak Reference
    _microlib_exit                            - Undefined Weak Reference
    __Vectors_Size                           0x00000188   Number         0  startup_stm32l476xx.o ABSOLUTE
    __Vectors                                0x08000000   Data           4  startup_stm32l476xx.o(RESET)
    __Vectors_End                            0x08000188   Data           0  startup_stm32l476xx.o(RESET)
    __main                                   0x08000189   Thumb Code     0  entry.o(.ARM.Collect$$$$00000000)
    _main_stk                                0x08000189   Thumb Code     0  entry2.o(.ARM.Collect$$$$00000001)
    _main_scatterload                        0x0800018d   Thumb Code     0  entry5.o(.ARM.Collect$$$$00000004)
    __main_after_scatterload                 0x08000191   Thumb Code     0  entry5.o(.ARM.Collect$$$$00000004)
    _main_clock                              0x08000191   Thumb Code     0  entry7b.o(.ARM.Collect$$$$00000008)
    _main_cpp_init                           0x08000191   Thumb Code     0  entry8b.o(.ARM.Collect$$$$0000000A)
    _main_init                               0x08000191   Thumb Code     0  entry9a.o(.ARM.Collect$$$$0000000B)
    __rt_final_cpp                           0x08000199   Thumb Code     0  entry10a.o(.ARM.Collect$$$$0000000D)
    __rt_final_exit                          0x08000199   Thumb Code     0  entry11a.o(.ARM.Collect$$$$0000000F)
    Reset_Handler                            0x0800019d   Thumb Code     8  startup_stm32l476xx.o(.text)
    SVC_Handler                              0x080001af   Thumb Code     2  startup_stm32l476xx.o(.text)
    PendSV_Handler                           0x080001b3   Thumb Code     2  startup_stm32l476xx.o(.text)
    ADC3_IRQHandler                          0x080001b7   Thumb Code     0  startup_stm32l476xx.o(.text)
    CAN1_RX0_IRQHandler                      0x080001b7   Thumb Code     0  startup_stm32l476xx.o(.text)
    CAN1_RX1_IRQHandler                      0x080001b7   Thumb Code     0  startup_stm32l476xx.o(.text)
    CAN1_SCE_IRQHandler                      0x080001b7   Thumb Code     0  startup_stm32l476xx.o(.text)
    CAN1_TX_IRQHandler                       0x080001b7   Thumb Code     0  startup_stm32l476xx.o(.text)
    COMP_IRQHandler                          0x080001b7   Thumb Code     0  startup_stm32l476xx.o(.text)
    DFSDM0_IRQHandler                        0x080001b7   Thumb Code     0  startup_stm32l476xx.o(.text)
    DFSDM1_IRQHandler                        0x080001b7   Thumb Code     0  startup_stm32l476xx.o(.text)
    DFSDM2_IRQHandler                        0x080001b7   Thumb Code     0  startup_stm32l476xx.o(.text)
    DFSDM3_IRQHandler                        0x080001b7   Thumb Code     0  startup_stm32l476xx.o(.text)
    DMA1_Channel2_IRQHandler                 0x080001b7   Thumb Code     0  startup_stm32l476xx.o(.text)
    DMA1_Channel3_IRQHandler                 0x080001b7   Thumb Code     0  startup_stm32l476xx.o(.text)
    DMA1_Channel4_IRQHandler                 0x080001b7   Thumb Code     0  startup_stm32l476xx.o(.text)
    DMA1_Channel5_IRQHandler                 0x080001b7   Thumb Code     0  startup_stm32l476xx.o(.text)
    DMA1_Channel6_IRQHandler                 0x080001b7   Thumb Code     0  startup_stm32l476xx.o(.text)
    DMA1_Channel7_IRQHandler                 0x080001b7   Thumb Code     0  startup_stm32l476xx.o(.text)
    DMA2_Channel1_IRQHandler                 0x080001b7   Thumb Code     0  startup_stm32l476xx.o(.text)
    DMA2_Channel2_IRQHandler                 0x080001b7   Thumb Code     0  startup_stm32l476xx.o(.text)
    DMA2_Channel3_IRQHandler                 0x080001b7   Thumb Code     0  startup_stm32l476xx.o(.text)
    DMA2_Channel5_IRQHandler                 0x080001b7   Thumb Code     0  startup_stm32l476xx.o(.text)
    DMA2_Channel6_IRQHandler                 0x080001b7   Thumb Code     0  startup_stm32l476xx.o(.text)
    DMA2_Channel7_IRQHandler                 0x080001b7   Thumb Code     0  startup_stm32l476xx.o(.text)
    EXTI0_IRQHandler                         0x080001b7   Thumb Code     0  startup_stm32l476xx.o(.text)
    EXTI15_10_IRQHandler                     0x080001b7   Thumb Code     0  startup_stm32l476xx.o(.text)
    EXTI1_IRQHandler                         0x080001b7   Thumb Code     0  startup_stm32l476xx.o(.text)
    EXTI2_IRQHandler                         0x080001b7   Thumb Code     0  startup_stm32l476xx.o(.text)
    EXTI3_IRQHandler                         0x080001b7   Thumb Code     0  startup_stm32l476xx.o(.text)
    EXTI4_IRQHandler                         0x080001b7   Thumb Code     0  startup_stm32l476xx.o(.text)
    EXTI9_5_IRQHandler                       0x080001b7   Thumb Code     0  startup_stm32l476xx.o(.text)
    FLASH_IRQHandler                         0x080001b7   Thumb Code     0  startup_stm32l476xx.o(.text)
    FMC_IRQHandler                           0x080001b7   Thumb Code     0  startup_stm32l476xx.o(.text)
    FPU_IRQHandler                           0x080001b7   Thumb Code     0  startup_stm32l476xx.o(.text)
    I2C1_ER_IRQHandler                       0x080001b7   Thumb Code     0  startup_stm32l476xx.o(.text)
    I2C1_EV_IRQHandler                       0x080001b7   Thumb Code     0  startup_stm32l476xx.o(.text)
    I2C2_ER_IRQHandler                       0x080001b7   Thumb Code     0  startup_stm32l476xx.o(.text)
    I2C2_EV_IRQHandler                       0x080001b7   Thumb Code     0  startup_stm32l476xx.o(.text)
    I2C3_ER_IRQHandler                       0x080001b7   Thumb Code     0  startup_stm32l476xx.o(.text)
    I2C3_EV_IRQHandler                       0x080001b7   Thumb Code     0  startup_stm32l476xx.o(.text)
    LCD_IRQHandler                           0x080001b7   Thumb Code     0  startup_stm32l476xx.o(.text)
    LPTIM1_IRQHandler                        0x080001b7   Thumb Code     0  startup_stm32l476xx.o(.text)
    LPTIM2_IRQHandler                        0x080001b7   Thumb Code     0  startup_stm32l476xx.o(.text)
    LPUART1_IRQHandler                       0x080001b7   Thumb Code     0  startup_stm32l476xx.o(.text)
    PVD_PVM_IRQHandler                       0x080001b7   Thumb Code     0  startup_stm32l476xx.o(.text)
    QUADSPI_IRQHandler                       0x080001b7   Thumb Code     0  startup_stm32l476xx.o(.text)
    RCC_IRQHandler                           0x080001b7   Thumb Code     0  startup_stm32l476xx.o(.text)
    RNG_IRQHandler                           0x080001b7   Thumb Code     0  startup_stm32l476xx.o(.text)
    RTC_Alarm_IRQHandler                     0x080001b7   Thumb Code     0  startup_stm32l476xx.o(.text)
    RTC_WKUP_IRQHandler                      0x080001b7   Thumb Code     0  startup_stm32l476xx.o(.text)
    SAI1_IRQHandler                          0x080001b7   Thumb Code     0  startup_stm32l476xx.o(.text)
    SAI2_IRQHandler                          0x080001b7   Thumb Code     0  startup_stm32l476xx.o(.text)
    SDMMC1_IRQHandler                        0x080001b7   Thumb Code     0  startup_stm32l476xx.o(.text)
    SPI1_IRQHandler                          0x080001b7   Thumb Code     0  startup_stm32l476xx.o(.text)
    SPI2_IRQHandler                          0x080001b7   Thumb Code     0  startup_stm32l476xx.o(.text)
    SPI3_IRQHandler                          0x080001b7   Thumb Code     0  startup_stm32l476xx.o(.text)
    SWPMI1_IRQHandler                        0x080001b7   Thumb Code     0  startup_stm32l476xx.o(.text)
    TAMP_STAMP_IRQHandler                    0x080001b7   Thumb Code     0  startup_stm32l476xx.o(.text)
    TIM1_BRK_TIM15_IRQHandler                0x080001b7   Thumb Code     0  startup_stm32l476xx.o(.text)
    TIM1_CC_IRQHandler                       0x080001b7   Thumb Code     0  startup_stm32l476xx.o(.text)
    TIM1_TRG_COM_TIM17_IRQHandler            0x080001b7   Thumb Code     0  startup_stm32l476xx.o(.text)
    TIM1_UP_TIM16_IRQHandler                 0x080001b7   Thumb Code     0  startup_stm32l476xx.o(.text)
    TIM2_IRQHandler                          0x080001b7   Thumb Code     0  startup_stm32l476xx.o(.text)
    TIM3_IRQHandler                          0x080001b7   Thumb Code     0  startup_stm32l476xx.o(.text)
    TIM4_IRQHandler                          0x080001b7   Thumb Code     0  startup_stm32l476xx.o(.text)
    TIM5_IRQHandler                          0x080001b7   Thumb Code     0  startup_stm32l476xx.o(.text)
    TIM6_DAC_IRQHandler                      0x080001b7   Thumb Code     0  startup_stm32l476xx.o(.text)
    TIM7_IRQHandler                          0x080001b7   Thumb Code     0  startup_stm32l476xx.o(.text)
    TIM8_BRK_IRQHandler                      0x080001b7   Thumb Code     0  startup_stm32l476xx.o(.text)
    TIM8_CC_IRQHandler                       0x080001b7   Thumb Code     0  startup_stm32l476xx.o(.text)
    TIM8_TRG_COM_IRQHandler                  0x080001b7   Thumb Code     0  startup_stm32l476xx.o(.text)
    TIM8_UP_IRQHandler                       0x080001b7   Thumb Code     0  startup_stm32l476xx.o(.text)
    TSC_IRQHandler                           0x080001b7   Thumb Code     0  startup_stm32l476xx.o(.text)
    UART4_IRQHandler                         0x080001b7   Thumb Code     0  startup_stm32l476xx.o(.text)
    UART5_IRQHandler                         0x080001b7   Thumb Code     0  startup_stm32l476xx.o(.text)
    USART1_IRQHandler                        0x080001b7   Thumb Code     0  startup_stm32l476xx.o(.text)
    USART2_IRQHandler                        0x080001b7   Thumb Code     0  startup_stm32l476xx.o(.text)
    USART3_IRQHandler                        0x080001b7   Thumb Code     0  startup_stm32l476xx.o(.text)
    WWDG_IRQHandler                          0x080001b7   Thumb Code     0  startup_stm32l476xx.o(.text)
    __aeabi_memcpy                           0x080001c1   Thumb Code    36  memcpya.o(.text)
    __aeabi_memcpy4                          0x080001c1   Thumb Code     0  memcpya.o(.text)
    __aeabi_memcpy8                          0x080001c1   Thumb Code     0  memcpya.o(.text)
    __aeabi_uidiv                            0x080001e5   Thumb Code     0  uidiv.o(.text)
    __aeabi_uidivmod                         0x080001e5   Thumb Code    44  uidiv.o(.text)
    __scatterload                            0x08000211   Thumb Code    28  init.o(.text)
    __scatterload_rt2                        0x08000211   Thumb Code     0  init.o(.text)
    __decompress                             0x08000235   Thumb Code     0  __dczerorl2.o(.text)
    __decompress1                            0x08000235   Thumb Code    86  __dczerorl2.o(.text)
    ADC1_2_IRQHandler                        0x0800028d   Thumb Code    18  stm32l4xx_it.o(i.ADC1_2_IRQHandler)
    ADC_DMAConvCplt                          0x080002a9   Thumb Code    88  stm32l4xx_hal_adc.o(i.ADC_DMAConvCplt)
    ADC_DMAError                             0x08000301   Thumb Code    26  stm32l4xx_hal_adc.o(i.ADC_DMAError)
    ADC_DMAHalfConvCplt                      0x0800031b   Thumb Code    10  stm32l4xx_hal_adc.o(i.ADC_DMAHalfConvCplt)
    ADC_Enable                               0x08000325   Thumb Code    98  stm32l4xx_hal_adc.o(i.ADC_Enable)
    BusFault_Handler                         0x0800038d   Thumb Code     2  stm32l4xx_it.o(i.BusFault_Handler)
    CDC_Transmit_FS                          0x080003d9   Thumb Code    40  usbd_cdc_if.o(i.CDC_Transmit_FS)
    DMA1_Channel1_IRQHandler                 0x08000405   Thumb Code     6  stm32l4xx_it.o(i.DMA1_Channel1_IRQHandler)
    DMA2_Channel4_IRQHandler                 0x08000411   Thumb Code     6  stm32l4xx_it.o(i.DMA2_Channel4_IRQHandler)
    DebugMon_Handler                         0x0800043b   Thumb Code     2  stm32l4xx_it.o(i.DebugMon_Handler)
    HAL_ADCEx_EndOfSamplingCallback          0x0800043d   Thumb Code     2  stm32l4xx_hal_adc_ex.o(i.HAL_ADCEx_EndOfSamplingCallback)
    HAL_ADCEx_InjectedConvCpltCallback       0x0800043f   Thumb Code     2  stm32l4xx_hal_adc_ex.o(i.HAL_ADCEx_InjectedConvCpltCallback)
    HAL_ADCEx_InjectedQueueOverflowCallback  0x08000441   Thumb Code     2  stm32l4xx_hal_adc_ex.o(i.HAL_ADCEx_InjectedQueueOverflowCallback)
    HAL_ADCEx_LevelOutOfWindow2Callback      0x08000443   Thumb Code     2  stm32l4xx_hal_adc_ex.o(i.HAL_ADCEx_LevelOutOfWindow2Callback)
    HAL_ADCEx_LevelOutOfWindow3Callback      0x08000445   Thumb Code     2  stm32l4xx_hal_adc_ex.o(i.HAL_ADCEx_LevelOutOfWindow3Callback)
    HAL_ADCEx_MultiModeConfigChannel         0x08000449   Thumb Code   166  stm32l4xx_hal_adc_ex.o(i.HAL_ADCEx_MultiModeConfigChannel)
    HAL_ADC_ConfigChannel                    0x080004fd   Thumb Code  1124  stm32l4xx_hal_adc.o(i.HAL_ADC_ConfigChannel)
    HAL_ADC_ConvCpltCallback                 0x08000983   Thumb Code     2  stm32l4xx_hal_adc.o(i.HAL_ADC_ConvCpltCallback)
    HAL_ADC_ConvHalfCpltCallback             0x08000985   Thumb Code     2  stm32l4xx_hal_adc.o(i.HAL_ADC_ConvHalfCpltCallback)
    HAL_ADC_ErrorCallback                    0x08000987   Thumb Code     2  stm32l4xx_hal_adc.o(i.HAL_ADC_ErrorCallback)
    HAL_ADC_GetValue                         0x08000989   Thumb Code     6  stm32l4xx_hal_adc.o(i.HAL_ADC_GetValue)
    HAL_ADC_IRQHandler                       0x08000991   Thumb Code   672  stm32l4xx_hal_adc.o(i.HAL_ADC_IRQHandler)
    HAL_ADC_Init                             0x08000c41   Thumb Code   532  stm32l4xx_hal_adc.o(i.HAL_ADC_Init)
    HAL_ADC_LevelOutOfWindowCallback         0x08000e6d   Thumb Code     2  stm32l4xx_hal_adc.o(i.HAL_ADC_LevelOutOfWindowCallback)
    HAL_ADC_MspInit                          0x08000e71   Thumb Code   204  stm32l4xx_hal_msp.o(i.HAL_ADC_MspInit)
    HAL_ADC_Start                            0x08000f5d   Thumb Code   220  stm32l4xx_hal_adc.o(i.HAL_ADC_Start)
    HAL_ADC_Start_DMA                        0x08001041   Thumb Code   240  stm32l4xx_hal_adc.o(i.HAL_ADC_Start_DMA)
    HAL_DMA_IRQHandler                       0x08001149   Thumb Code  1370  stm32l4xx_hal_dma.o(i.HAL_DMA_IRQHandler)
    HAL_DMA_Init                             0x080016bd   Thumb Code   374  stm32l4xx_hal_dma.o(i.HAL_DMA_Init)
    HAL_DMA_Start_IT                         0x0800183d   Thumb Code    68  stm32l4xx_hal_dma.o(i.HAL_DMA_Start_IT)
    HAL_Delay                                0x08001881   Thumb Code    24  stm32l4xx_hal.o(i.HAL_Delay)
    HAL_GPIO_Init                            0x08001899   Thumb Code   414  stm32l4xx_hal_gpio.o(i.HAL_GPIO_Init)
    HAL_GPIO_WritePin                        0x08001a63   Thumb Code    10  stm32l4xx_hal_gpio.o(i.HAL_GPIO_WritePin)
    HAL_GetTick                              0x08001a6d   Thumb Code     6  stm32l4xx_hal.o(i.HAL_GetTick)
    HAL_IncTick                              0x08001a79   Thumb Code    10  stm32l4xx_hal.o(i.HAL_IncTick)
    HAL_Init                                 0x08001a89   Thumb Code    22  stm32l4xx_hal.o(i.HAL_Init)
    HAL_InitTick                             0x08001aa1   Thumb Code    34  stm32l4xx_hal.o(i.HAL_InitTick)
    HAL_MspInit                              0x08001ac9   Thumb Code    86  stm32l4xx_hal_msp.o(i.HAL_MspInit)
    HAL_NVIC_EnableIRQ                       0x08001b25   Thumb Code    22  stm32l4xx_hal_cortex.o(i.HAL_NVIC_EnableIRQ)
    HAL_NVIC_SetPriority                     0x08001b3d   Thumb Code    60  stm32l4xx_hal_cortex.o(i.HAL_NVIC_SetPriority)
    HAL_NVIC_SetPriorityGrouping             0x08001b7d   Thumb Code    26  stm32l4xx_hal_cortex.o(i.HAL_NVIC_SetPriorityGrouping)
    HAL_PCDEx_ActivateBCD                    0x08001ba1   Thumb Code    20  stm32l4xx_hal_pcd_ex.o(i.HAL_PCDEx_ActivateBCD)
    HAL_PCDEx_ActivateLPM                    0x08001bb5   Thumb Code    34  stm32l4xx_hal_pcd_ex.o(i.HAL_PCDEx_ActivateLPM)
    HAL_PCDEx_LPM_Callback                   0x08001bdd   Thumb Code     2  stm32l4xx_hal_pcd_ex.o(i.HAL_PCDEx_LPM_Callback)
    HAL_PCDEx_SetRxFiFo                      0x08001bdf   Thumb Code     8  stm32l4xx_hal_pcd_ex.o(i.HAL_PCDEx_SetRxFiFo)
    HAL_PCDEx_SetTxFiFo                      0x08001be7   Thumb Code    68  stm32l4xx_hal_pcd_ex.o(i.HAL_PCDEx_SetTxFiFo)
    HAL_PCD_ConnectCallback                  0x08001c2b   Thumb Code     8  usbd_conf.o(i.HAL_PCD_ConnectCallback)
    HAL_PCD_DataInStageCallback              0x08001c33   Thumb Code    18  usbd_conf.o(i.HAL_PCD_DataInStageCallback)
    HAL_PCD_DataOutStageCallback             0x08001c45   Thumb Code    20  usbd_conf.o(i.HAL_PCD_DataOutStageCallback)
    HAL_PCD_DisconnectCallback               0x08001c59   Thumb Code     8  usbd_conf.o(i.HAL_PCD_DisconnectCallback)
    HAL_PCD_EP_Close                         0x08001c61   Thumb Code    68  stm32l4xx_hal_pcd.o(i.HAL_PCD_EP_Close)
    HAL_PCD_EP_ClrStall                      0x08001ca5   Thumb Code    80  stm32l4xx_hal_pcd.o(i.HAL_PCD_EP_ClrStall)
    HAL_PCD_EP_GetRxCount                    0x08001cf5   Thumb Code    20  stm32l4xx_hal_pcd.o(i.HAL_PCD_EP_GetRxCount)
    HAL_PCD_EP_Open                          0x08001d09   Thumb Code    72  stm32l4xx_hal_pcd.o(i.HAL_PCD_EP_Open)
    HAL_PCD_EP_Receive                       0x08001d51   Thumb Code    86  stm32l4xx_hal_pcd.o(i.HAL_PCD_EP_Receive)
    HAL_PCD_EP_SetStall                      0x08001da7   Thumb Code    96  stm32l4xx_hal_pcd.o(i.HAL_PCD_EP_SetStall)
    HAL_PCD_EP_Transmit                      0x08001e07   Thumb Code    78  stm32l4xx_hal_pcd.o(i.HAL_PCD_EP_Transmit)
    HAL_PCD_IRQHandler                       0x08001e55   Thumb Code  1098  stm32l4xx_hal_pcd.o(i.HAL_PCD_IRQHandler)
    HAL_PCD_ISOINIncompleteCallback          0x080022a5   Thumb Code     8  usbd_conf.o(i.HAL_PCD_ISOINIncompleteCallback)
    HAL_PCD_ISOOUTIncompleteCallback         0x080022ad   Thumb Code     8  usbd_conf.o(i.HAL_PCD_ISOOUTIncompleteCallback)
    HAL_PCD_Init                             0x080022b5   Thumb Code   226  stm32l4xx_hal_pcd.o(i.HAL_PCD_Init)
    HAL_PCD_MspInit                          0x08002399   Thumb Code   122  usbd_conf.o(i.HAL_PCD_MspInit)
    HAL_PCD_ResetCallback                    0x08002419   Thumb Code    26  usbd_conf.o(i.HAL_PCD_ResetCallback)
    HAL_PCD_ResumeCallback                   0x08002435   Thumb Code    48  usbd_conf.o(i.HAL_PCD_ResumeCallback)
    HAL_PCD_SOFCallback                      0x08002469   Thumb Code     8  usbd_conf.o(i.HAL_PCD_SOFCallback)
    HAL_PCD_SetAddress                       0x08002471   Thumb Code    40  stm32l4xx_hal_pcd.o(i.HAL_PCD_SetAddress)
    HAL_PCD_SetupStageCallback               0x08002499   Thumb Code    14  usbd_conf.o(i.HAL_PCD_SetupStageCallback)
    HAL_PCD_Start                            0x080024a7   Thumb Code    42  stm32l4xx_hal_pcd.o(i.HAL_PCD_Start)
    HAL_PCD_SuspendCallback                  0x080024d1   Thumb Code    44  usbd_conf.o(i.HAL_PCD_SuspendCallback)
    HAL_PWREx_ControlVoltageScaling          0x08002501   Thumb Code    86  stm32l4xx_hal_pwr_ex.o(i.HAL_PWREx_ControlVoltageScaling)
    HAL_PWREx_EnableVddUSB                   0x08002565   Thumb Code    12  stm32l4xx_hal_pwr_ex.o(i.HAL_PWREx_EnableVddUSB)
    HAL_PWREx_GetVoltageRange                0x08002575   Thumb Code    10  stm32l4xx_hal_pwr_ex.o(i.HAL_PWREx_GetVoltageRange)
    HAL_RCCEx_EnableMSIPLLMode               0x08002585   Thumb Code    12  stm32l4xx_hal_rcc_ex.o(i.HAL_RCCEx_EnableMSIPLLMode)
    HAL_RCCEx_PeriphCLKConfig                0x08002595   Thumb Code   914  stm32l4xx_hal_rcc_ex.o(i.HAL_RCCEx_PeriphCLKConfig)
    HAL_RCC_ClockConfig                      0x08002939   Thumb Code   368  stm32l4xx_hal_rcc.o(i.HAL_RCC_ClockConfig)
    HAL_RCC_GetHCLKFreq                      0x08002ab9   Thumb Code     6  stm32l4xx_hal_rcc.o(i.HAL_RCC_GetHCLKFreq)
    HAL_RCC_GetSysClockFreq                  0x08002ac5   Thumb Code   238  stm32l4xx_hal_rcc.o(i.HAL_RCC_GetSysClockFreq)
    HAL_RCC_OscConfig                        0x08002bc1   Thumb Code  1178  stm32l4xx_hal_rcc.o(i.HAL_RCC_OscConfig)
    HAL_SYSTICK_CLKSourceConfig              0x08003061   Thumb Code    24  stm32l4xx_hal_cortex.o(i.HAL_SYSTICK_CLKSourceConfig)
    HAL_SYSTICK_Callback                     0x08003079   Thumb Code     2  stm32l4xx_hal_cortex.o(i.HAL_SYSTICK_Callback)
    HAL_SYSTICK_Config                       0x0800307b   Thumb Code    40  stm32l4xx_hal_cortex.o(i.HAL_SYSTICK_Config)
    HAL_SYSTICK_IRQHandler                   0x080030a3   Thumb Code     8  stm32l4xx_hal_cortex.o(i.HAL_SYSTICK_IRQHandler)
    HardFault_Handler                        0x080030ab   Thumb Code     2  stm32l4xx_it.o(i.HardFault_Handler)
    MX_ADC1_Init                             0x080030ad   Thumb Code    90  rapidtest.o(i.MX_ADC1_Init)
    MX_ADC2_Init                             0x08003111   Thumb Code    88  rapidtest.o(i.MX_ADC2_Init)
    MX_DMA_Init                              0x08003171   Thumb Code    72  rapidtest.o(i.MX_DMA_Init)
    MX_GPIO_Init                             0x080031bd   Thumb Code   178  rapidtest.o(i.MX_GPIO_Init)
    MX_USB_DEVICE_Init                       0x08003281   Thumb Code    50  usb_device.o(i.MX_USB_DEVICE_Init)
    MemManage_Handler                        0x080032c5   Thumb Code     2  stm32l4xx_it.o(i.MemManage_Handler)
    NMI_Handler                              0x080032c7   Thumb Code     2  stm32l4xx_it.o(i.NMI_Handler)
    OTG_FS_IRQHandler                        0x080032e9   Thumb Code     6  stm32l4xx_it.o(i.OTG_FS_IRQHandler)
    SysTick_Handler                          0x08003725   Thumb Code    14  stm32l4xx_it.o(i.SysTick_Handler)
    SystemClock_Config                       0x08003735   Thumb Code   180  rapidtest.o(i.SystemClock_Config)
    SystemInit                               0x080037ed   Thumb Code    56  system_stm32l4xx.o(i.SystemInit)
    USBD_CDC_GetDeviceQualifierDescriptor    0x080038d5   Thumb Code     8  usbd_cdc.o(i.USBD_CDC_GetDeviceQualifierDescriptor)
    USBD_CDC_ReceivePacket                   0x0800398d   Thumb Code    40  usbd_cdc.o(i.USBD_CDC_ReceivePacket)
    USBD_CDC_RegisterInterface               0x080039b5   Thumb Code    16  usbd_cdc.o(i.USBD_CDC_RegisterInterface)
    USBD_CDC_SetRxBuffer                     0x080039c5   Thumb Code    12  usbd_cdc.o(i.USBD_CDC_SetRxBuffer)
    USBD_CDC_SetTxBuffer                     0x080039d1   Thumb Code    16  usbd_cdc.o(i.USBD_CDC_SetTxBuffer)
    USBD_CDC_TransmitPacket                  0x08003a51   Thumb Code    48  usbd_cdc.o(i.USBD_CDC_TransmitPacket)
    USBD_ClrClassConfig                      0x08003a81   Thumb Code    14  usbd_core.o(i.USBD_ClrClassConfig)
    USBD_CtlContinueRx                       0x08003a8f   Thumb Code    16  usbd_ioreq.o(i.USBD_CtlContinueRx)
    USBD_CtlContinueSendData                 0x08003a9f   Thumb Code    16  usbd_ioreq.o(i.USBD_CtlContinueSendData)
    USBD_CtlError                            0x08003aaf   Thumb Code    22  usbd_ctlreq.o(i.USBD_CtlError)
    USBD_CtlPrepareRx                        0x08003ac5   Thumb Code    30  usbd_ioreq.o(i.USBD_CtlPrepareRx)
    USBD_CtlReceiveStatus                    0x08003ae3   Thumb Code    22  usbd_ioreq.o(i.USBD_CtlReceiveStatus)
    USBD_CtlSendData                         0x08003af9   Thumb Code    26  usbd_ioreq.o(i.USBD_CtlSendData)
    USBD_CtlSendStatus                       0x08003b13   Thumb Code    22  usbd_ioreq.o(i.USBD_CtlSendStatus)
    USBD_FS_ConfigStrDescriptor              0x08003b29   Thumb Code    16  usbd_desc.o(i.USBD_FS_ConfigStrDescriptor)
    USBD_FS_DeviceDescriptor                 0x08003b49   Thumb Code     8  usbd_desc.o(i.USBD_FS_DeviceDescriptor)
    USBD_FS_InterfaceStrDescriptor           0x08003b55   Thumb Code    16  usbd_desc.o(i.USBD_FS_InterfaceStrDescriptor)
    USBD_FS_LangIDStrDescriptor              0x08003b79   Thumb Code     8  usbd_desc.o(i.USBD_FS_LangIDStrDescriptor)
    USBD_FS_ManufacturerStrDescriptor        0x08003b85   Thumb Code    16  usbd_desc.o(i.USBD_FS_ManufacturerStrDescriptor)
    USBD_FS_ProductStrDescriptor             0x08003bad   Thumb Code    16  usbd_desc.o(i.USBD_FS_ProductStrDescriptor)
    USBD_FS_SerialStrDescriptor              0x08003bd9   Thumb Code    16  usbd_desc.o(i.USBD_FS_SerialStrDescriptor)
    USBD_GetString                           0x08003cdd   Thumb Code    70  usbd_ctlreq.o(i.USBD_GetString)
    USBD_Init                                0x08003d23   Thumb Code    42  usbd_core.o(i.USBD_Init)
    USBD_LL_BatteryCharging                  0x08003d4d   Thumb Code    18  usbd_conf.o(i.USBD_LL_BatteryCharging)
    USBD_LL_ClearStallEP                     0x08003d5f   Thumb Code    14  usbd_conf.o(i.USBD_LL_ClearStallEP)
    USBD_LL_CloseEP                          0x08003d6d   Thumb Code    14  usbd_conf.o(i.USBD_LL_CloseEP)
    USBD_LL_DataInStage                      0x08003d7b   Thumb Code   170  usbd_core.o(i.USBD_LL_DataInStage)
    USBD_LL_DataOutStage                     0x08003e25   Thumb Code   106  usbd_core.o(i.USBD_LL_DataOutStage)
    USBD_LL_DevConnected                     0x08003e8f   Thumb Code     4  usbd_core.o(i.USBD_LL_DevConnected)
    USBD_LL_DevDisconnected                  0x08003e93   Thumb Code    22  usbd_core.o(i.USBD_LL_DevDisconnected)
    USBD_LL_GetRxDataSize                    0x08003ea9   Thumb Code     8  usbd_conf.o(i.USBD_LL_GetRxDataSize)
    USBD_LL_Init                             0x08003eb1   Thumb Code    84  usbd_conf.o(i.USBD_LL_Init)
    USBD_LL_IsStallEP                        0x08003f09   Thumb Code    32  usbd_conf.o(i.USBD_LL_IsStallEP)
    USBD_LL_IsoINIncomplete                  0x08003f29   Thumb Code     4  usbd_core.o(i.USBD_LL_IsoINIncomplete)
    USBD_LL_IsoOUTIncomplete                 0x08003f2d   Thumb Code     4  usbd_core.o(i.USBD_LL_IsoOUTIncomplete)
    USBD_LL_OpenEP                           0x08003f31   Thumb Code    20  usbd_conf.o(i.USBD_LL_OpenEP)
    USBD_LL_PrepareReceive                   0x08003f45   Thumb Code    14  usbd_conf.o(i.USBD_LL_PrepareReceive)
    USBD_LL_Reset                            0x08003f53   Thumb Code    62  usbd_core.o(i.USBD_LL_Reset)
    USBD_LL_Resume                           0x08003f91   Thumb Code    12  usbd_core.o(i.USBD_LL_Resume)
    USBD_LL_SOF                              0x08003f9d   Thumb Code    24  usbd_core.o(i.USBD_LL_SOF)
    USBD_LL_SetSpeed                         0x08003fb5   Thumb Code     6  usbd_core.o(i.USBD_LL_SetSpeed)
    USBD_LL_SetUSBAddress                    0x08003fbb   Thumb Code    14  usbd_conf.o(i.USBD_LL_SetUSBAddress)
    USBD_LL_SetupStage                       0x08003fc9   Thumb Code    90  usbd_core.o(i.USBD_LL_SetupStage)
    USBD_LL_StallEP                          0x08004023   Thumb Code    14  usbd_conf.o(i.USBD_LL_StallEP)
    USBD_LL_Start                            0x08004031   Thumb Code    14  usbd_conf.o(i.USBD_LL_Start)
    USBD_LL_Suspend                          0x0800403f   Thumb Code    18  usbd_core.o(i.USBD_LL_Suspend)
    USBD_LL_Transmit                         0x08004051   Thumb Code    14  usbd_conf.o(i.USBD_LL_Transmit)
    USBD_ParseSetupRequest                   0x0800405f   Thumb Code    40  usbd_ctlreq.o(i.USBD_ParseSetupRequest)
    USBD_RegisterClass                       0x08004087   Thumb Code    16  usbd_core.o(i.USBD_RegisterClass)
    USBD_SetClassConfig                      0x08004097   Thumb Code    22  usbd_core.o(i.USBD_SetClassConfig)
    USBD_Start                               0x08004121   Thumb Code    10  usbd_core.o(i.USBD_Start)
    USBD_StdDevReq                           0x0800412b   Thumb Code   242  usbd_ctlreq.o(i.USBD_StdDevReq)
    USBD_StdEPReq                            0x0800421d   Thumb Code   220  usbd_ctlreq.o(i.USBD_StdEPReq)
    USBD_StdItfReq                           0x080042f9   Thumb Code    52  usbd_ctlreq.o(i.USBD_StdItfReq)
    USBD_static_free                         0x0800432d   Thumb Code     2  usbd_conf.o(i.USBD_static_free)
    USBD_static_malloc                       0x08004331   Thumb Code     4  usbd_conf.o(i.USBD_static_malloc)
    USB_ActivateEndpoint                     0x08004339   Thumb Code   122  stm32l4xx_ll_usb.o(i.USB_ActivateEndpoint)
    USB_ActivateSetup                        0x080043b9   Thumb Code    52  stm32l4xx_ll_usb.o(i.USB_ActivateSetup)
    USB_CoreInit                             0x080043ed   Thumb Code    36  stm32l4xx_ll_usb.o(i.USB_CoreInit)
    USB_DeactivateEndpoint                   0x0800445d   Thumb Code   110  stm32l4xx_ll_usb.o(i.USB_DeactivateEndpoint)
    USB_DevConnect                           0x080044cb   Thumb Code    24  stm32l4xx_ll_usb.o(i.USB_DevConnect)
    USB_DevDisconnect                        0x080044e3   Thumb Code    24  stm32l4xx_ll_usb.o(i.USB_DevDisconnect)
    USB_DevInit                              0x080044fd   Thumb Code   308  stm32l4xx_ll_usb.o(i.USB_DevInit)
    USB_DisableGlobalInt                     0x08004641   Thumb Code    12  stm32l4xx_ll_usb.o(i.USB_DisableGlobalInt)
    USB_EP0StartXfer                         0x0800464d   Thumb Code   280  stm32l4xx_ll_usb.o(i.USB_EP0StartXfer)
    USB_EP0_OutStart                         0x08004769   Thumb Code    46  stm32l4xx_ll_usb.o(i.USB_EP0_OutStart)
    USB_EPClearStall                         0x08004797   Thumb Code   100  stm32l4xx_ll_usb.o(i.USB_EPClearStall)
    USB_EPSetStall                           0x080047fb   Thumb Code    94  stm32l4xx_ll_usb.o(i.USB_EPSetStall)
    USB_EPStartXfer                          0x08004859   Thumb Code   498  stm32l4xx_ll_usb.o(i.USB_EPStartXfer)
    USB_EnableGlobalInt                      0x08004a51   Thumb Code    12  stm32l4xx_ll_usb.o(i.USB_EnableGlobalInt)
    USB_FlushRxFifo                          0x08004a5d   Thumb Code    28  stm32l4xx_ll_usb.o(i.USB_FlushRxFifo)
    USB_FlushTxFifo                          0x08004a7d   Thumb Code    32  stm32l4xx_ll_usb.o(i.USB_FlushTxFifo)
    USB_GetMode                              0x08004aa1   Thumb Code     8  stm32l4xx_ll_usb.o(i.USB_GetMode)
    USB_ReadDevAllInEpInterrupt              0x08004aa9   Thumb Code    14  stm32l4xx_ll_usb.o(i.USB_ReadDevAllInEpInterrupt)
    USB_ReadDevAllOutEpInterrupt             0x08004ab7   Thumb Code    14  stm32l4xx_ll_usb.o(i.USB_ReadDevAllOutEpInterrupt)
    USB_ReadDevInEPInterrupt                 0x08004ac5   Thumb Code    30  stm32l4xx_ll_usb.o(i.USB_ReadDevInEPInterrupt)
    USB_ReadDevOutEPInterrupt                0x08004ae3   Thumb Code    16  stm32l4xx_ll_usb.o(i.USB_ReadDevOutEPInterrupt)
    USB_ReadInterrupts                       0x08004af3   Thumb Code     8  stm32l4xx_ll_usb.o(i.USB_ReadInterrupts)
    USB_ReadPacket                           0x08004afb   Thumb Code    32  stm32l4xx_ll_usb.o(i.USB_ReadPacket)
    USB_SetCurrentMode                       0x08004b1b   Thumb Code    44  stm32l4xx_ll_usb.o(i.USB_SetCurrentMode)
    USB_SetDevAddress                        0x08004b47   Thumb Code    34  stm32l4xx_ll_usb.o(i.USB_SetDevAddress)
    USB_WritePacket                          0x08004b69   Thumb Code    36  stm32l4xx_ll_usb.o(i.USB_WritePacket)
    UsageFault_Handler                       0x08004b8d   Thumb Code     2  stm32l4xx_it.o(i.UsageFault_Handler)
    __0sprintf$1                             0x08004b91   Thumb Code    34  printf1.o(i.__0sprintf$1)
    __1sprintf$1                             0x08004b91   Thumb Code     0  printf1.o(i.__0sprintf$1)
    __2sprintf                               0x08004b91   Thumb Code     0  printf1.o(i.__0sprintf$1)
    __scatterload_copy                       0x08004bb9   Thumb Code    14  handlers.o(i.__scatterload_copy)
    __scatterload_null                       0x08004bc7   Thumb Code     2  handlers.o(i.__scatterload_null)
    __scatterload_zeroinit                   0x08004bc9   Thumb Code    14  handlers.o(i.__scatterload_zeroinit)
    firstclock                               0x08004d3d   Thumb Code    44  main.o(i.firstclock)
    getadc1                                  0x08004d6d   Thumb Code    18  rapidtest.o(i.getadc1)
    getadc2                                  0x08004d89   Thumb Code    18  rapidtest.o(i.getadc2)
    getsensordata                            0x08004da5   Thumb Code   278  main.o(i.getsensordata)
    init                                     0x08004ed1   Thumb Code    80  rapidtest.o(i.init)
    main                                     0x08004f29   Thumb Code    42  main.o(i.main)
    nop                                      0x08004f5d   Thumb Code    12  main.o(i.nop)
    AHBPrescTable                            0x08004f68   Data          16  system_stm32l4xx.o(.constdata)
    MSIRangeTable                            0x08004f78   Data          48  system_stm32l4xx.o(.constdata)
    Region$$Table$$Base                      0x08004fa8   Number         0  anon$$obj.o(Region$$Table)
    Region$$Table$$Limit                     0x08004fc8   Number         0  anon$$obj.o(Region$$Table)
    uwTick                                   0x20000000   Data           4  stm32l4xx_hal.o(.data)
    USBD_CDC_CfgHSDesc                       0x20000014   Data          67  usbd_cdc.o(.data)
    USBD_CDC_CfgFSDesc                       0x20000058   Data          67  usbd_cdc.o(.data)
    USBD_CDC_OtherSpeedCfgDesc               0x2000009c   Data          67  usbd_cdc.o(.data)
    USBD_CDC                                 0x200000e0   Data          56  usbd_cdc.o(.data)
    USBD_Interface_fops_FS                   0x2000011c   Data          16  usbd_cdc_if.o(.data)
    UserRxBufferFS                           0x2000012c   Data           4  usbd_cdc_if.o(.data)
    UserTxBufferFS                           0x20000130   Data           4  usbd_cdc_if.o(.data)
    hUsbDevice_0                             0x20000134   Data           4  usbd_cdc_if.o(.data)
    FS_Desc                                  0x20000138   Data          28  usbd_desc.o(.data)
    USBD_LangIDDesc                          0x20000154   Data           4  usbd_desc.o(.data)
    USBD_FS_DeviceDesc                       0x20000158   Data          18  usbd_desc.o(.data)
    c                                        0x2000016c   Data           1  main.o(.data)
    cyclecounter                             0x2000016e   Data           2  main.o(.data)
    i                                        0x20000170   Data           2  main.o(.data)
    value                                    0x20000172   Data           2  main.o(.data)
    p                                        0x20000174   Data           4  main.o(.data)
    buf2                                     0x20000178   Data           7  main.o(.data)
    adcval                                   0x20000184   Data           4  rapidtest.o(.data)
    adcval2                                  0x20000188   Data           4  rapidtest.o(.data)
    SystemCoreClock                          0x2000018c   Data           4  system_stm32l4xx.o(.data)
    hpcd_USB_OTG_FS                          0x200003b0   Data         972  usbd_conf.o(.bss)
    USBD_StrDesc                             0x2000077c   Data         512  usbd_desc.o(.bss)
    data12                                   0x2000097c   Data         256  main.o(.bss)
    data21                                   0x20000a7c   Data         256  main.o(.bss)
    hUsbDeviceFS                             0x20000b7c   Data         548  usb_device.o(.bss)
    hadc1                                    0x20000da0   Data         104  rapidtest.o(.bss)
    hadc2                                    0x20000e08   Data         104  rapidtest.o(.bss)
    hdma_adc1                                0x20000e70   Data          60  rapidtest.o(.bss)
    hdma_adc2                                0x20000eac   Data          60  rapidtest.o(.bss)
    __initial_sp                             0x200012e8   Data           0  startup_stm32l476xx.o(STACK)



==============================================================================

Memory Map of the image

  Image Entry point : 0x08000189

  Load Region LR_IROM1 (Base: 0x08000000, Size: 0x00005158, Max: 0x00100000, ABSOLUTE, COMPRESSED[0x00005084])

    Execution Region ER_IROM1 (Base: 0x08000000, Size: 0x00004fc8, Max: 0x00100000, ABSOLUTE)

    Base Addr    Size         Type   Attr      Idx    E Section Name        Object

    0x08000000   0x00000188   Data   RO         2811    RESET               startup_stm32l476xx.o
    0x08000188   0x00000000   Code   RO         3902  * .ARM.Collect$$$$00000000  mc_w.l(entry.o)
    0x08000188   0x00000004   Code   RO         4170    .ARM.Collect$$$$00000001  mc_w.l(entry2.o)
    0x0800018c   0x00000004   Code   RO         4173    .ARM.Collect$$$$00000004  mc_w.l(entry5.o)
    0x08000190   0x00000000   Code   RO         4175    .ARM.Collect$$$$00000008  mc_w.l(entry7b.o)
    0x08000190   0x00000000   Code   RO         4177    .ARM.Collect$$$$0000000A  mc_w.l(entry8b.o)
    0x08000190   0x00000008   Code   RO         4178    .ARM.Collect$$$$0000000B  mc_w.l(entry9a.o)
    0x08000198   0x00000000   Code   RO         4180    .ARM.Collect$$$$0000000D  mc_w.l(entry10a.o)
    0x08000198   0x00000000   Code   RO         4182    .ARM.Collect$$$$0000000F  mc_w.l(entry11a.o)
    0x08000198   0x00000004   Code   RO         4171    .ARM.Collect$$$$00002712  mc_w.l(entry2.o)
    0x0800019c   0x00000024   Code   RO         2812    .text               startup_stm32l476xx.o
    0x080001c0   0x00000024   Code   RO         3905    .text               mc_w.l(memcpya.o)
    0x080001e4   0x0000002c   Code   RO         4187    .text               mc_w.l(uidiv.o)
    0x08000210   0x00000024   Code   RO         4202    .text               mc_w.l(init.o)
    0x08000234   0x00000056   Code   RO         4222    .text               mc_w.l(__dczerorl2.o)
    0x0800028a   0x00000002   PAD
    0x0800028c   0x0000001c   Code   RO         3651    i.ADC1_2_IRQHandler  stm32l4xx_it.o
    0x080002a8   0x00000058   Code   RO         2091    i.ADC_DMAConvCplt   stm32l4xx_hal_adc.o
    0x08000300   0x0000001a   Code   RO         2092    i.ADC_DMAError      stm32l4xx_hal_adc.o
    0x0800031a   0x0000000a   Code   RO         2093    i.ADC_DMAHalfConvCplt  stm32l4xx_hal_adc.o
    0x08000324   0x00000068   Code   RO         2095    i.ADC_Enable        stm32l4xx_hal_adc.o
    0x0800038c   0x00000002   Code   RO         3652    i.BusFault_Handler  stm32l4xx_it.o
    0x0800038e   0x00000004   Code   RO         3436    i.CDC_Control_FS    usbd_cdc_if.o
    0x08000392   0x00000004   Code   RO         3437    i.CDC_DeInit_FS     usbd_cdc_if.o
    0x08000396   0x00000002   PAD
    0x08000398   0x00000024   Code   RO         3438    i.CDC_Init_FS       usbd_cdc_if.o
    0x080003bc   0x0000001c   Code   RO         3439    i.CDC_Receive_FS    usbd_cdc_if.o
    0x080003d8   0x0000002c   Code   RO         3440    i.CDC_Transmit_FS   usbd_cdc_if.o
    0x08000404   0x0000000c   Code   RO         3653    i.DMA1_Channel1_IRQHandler  stm32l4xx_it.o
    0x08000410   0x0000000c   Code   RO         3654    i.DMA2_Channel4_IRQHandler  stm32l4xx_it.o
    0x0800041c   0x0000001e   Code   RO         2276    i.DMA_SetConfig     stm32l4xx_hal_dma.o
    0x0800043a   0x00000002   Code   RO         3655    i.DebugMon_Handler  stm32l4xx_it.o
    0x0800043c   0x00000002   Code   RO          913    i.HAL_ADCEx_EndOfSamplingCallback  stm32l4xx_hal_adc_ex.o
    0x0800043e   0x00000002   Code   RO          916    i.HAL_ADCEx_InjectedConvCpltCallback  stm32l4xx_hal_adc_ex.o
    0x08000440   0x00000002   Code   RO          919    i.HAL_ADCEx_InjectedQueueOverflowCallback  stm32l4xx_hal_adc_ex.o
    0x08000442   0x00000002   Code   RO          924    i.HAL_ADCEx_LevelOutOfWindow2Callback  stm32l4xx_hal_adc_ex.o
    0x08000444   0x00000002   Code   RO          925    i.HAL_ADCEx_LevelOutOfWindow3Callback  stm32l4xx_hal_adc_ex.o
    0x08000446   0x00000002   PAD
    0x08000448   0x000000b4   Code   RO          926    i.HAL_ADCEx_MultiModeConfigChannel  stm32l4xx_hal_adc_ex.o
    0x080004fc   0x00000486   Code   RO         2097    i.HAL_ADC_ConfigChannel  stm32l4xx_hal_adc.o
    0x08000982   0x00000002   Code   RO         2098    i.HAL_ADC_ConvCpltCallback  stm32l4xx_hal_adc.o
    0x08000984   0x00000002   Code   RO         2099    i.HAL_ADC_ConvHalfCpltCallback  stm32l4xx_hal_adc.o
    0x08000986   0x00000002   Code   RO         2101    i.HAL_ADC_ErrorCallback  stm32l4xx_hal_adc.o
    0x08000988   0x00000006   Code   RO         2104    i.HAL_ADC_GetValue  stm32l4xx_hal_adc.o
    0x0800098e   0x00000002   PAD
    0x08000990   0x000002b0   Code   RO         2105    i.HAL_ADC_IRQHandler  stm32l4xx_hal_adc.o
    0x08000c40   0x0000022c   Code   RO         2106    i.HAL_ADC_Init      stm32l4xx_hal_adc.o
    0x08000e6c   0x00000002   Code   RO         2107    i.HAL_ADC_LevelOutOfWindowCallback  stm32l4xx_hal_adc.o
    0x08000e6e   0x00000002   PAD
    0x08000e70   0x000000ec   Code   RO         3740    i.HAL_ADC_MspInit   stm32l4xx_hal_msp.o
    0x08000f5c   0x000000e4   Code   RO         2112    i.HAL_ADC_Start     stm32l4xx_hal_adc.o
    0x08001040   0x00000108   Code   RO         2113    i.HAL_ADC_Start_DMA  stm32l4xx_hal_adc.o
    0x08001148   0x00000574   Code   RO         2281    i.HAL_DMA_IRQHandler  stm32l4xx_hal_dma.o
    0x080016bc   0x00000180   Code   RO         2282    i.HAL_DMA_Init      stm32l4xx_hal_dma.o
    0x0800183c   0x00000044   Code   RO         2285    i.HAL_DMA_Start_IT  stm32l4xx_hal_dma.o
    0x08001880   0x00000018   Code   RO         1758    i.HAL_Delay         stm32l4xx_hal.o
    0x08001898   0x000001ca   Code   RO          555    i.HAL_GPIO_Init     stm32l4xx_hal_gpio.o
    0x08001a62   0x0000000a   Code   RO          559    i.HAL_GPIO_WritePin  stm32l4xx_hal_gpio.o
    0x08001a6c   0x0000000c   Code   RO         1762    i.HAL_GetTick       stm32l4xx_hal.o
    0x08001a78   0x00000010   Code   RO         1763    i.HAL_IncTick       stm32l4xx_hal.o
    0x08001a88   0x00000016   Code   RO         1764    i.HAL_Init          stm32l4xx_hal.o
    0x08001a9e   0x00000002   PAD
    0x08001aa0   0x00000028   Code   RO         1765    i.HAL_InitTick      stm32l4xx_hal.o
    0x08001ac8   0x0000005c   Code   RO         3741    i.HAL_MspInit       stm32l4xx_hal_msp.o
    0x08001b24   0x00000016   Code   RO         2638    i.HAL_NVIC_EnableIRQ  stm32l4xx_hal_cortex.o
    0x08001b3a   0x00000002   PAD
    0x08001b3c   0x00000040   Code   RO         2644    i.HAL_NVIC_SetPriority  stm32l4xx_hal_cortex.o
    0x08001b7c   0x00000024   Code   RO         2645    i.HAL_NVIC_SetPriorityGrouping  stm32l4xx_hal_cortex.o
    0x08001ba0   0x00000014   Code   RO         1679    i.HAL_PCDEx_ActivateBCD  stm32l4xx_hal_pcd_ex.o
    0x08001bb4   0x00000028   Code   RO         1680    i.HAL_PCDEx_ActivateLPM  stm32l4xx_hal_pcd_ex.o
    0x08001bdc   0x00000002   Code   RO         1685    i.HAL_PCDEx_LPM_Callback  stm32l4xx_hal_pcd_ex.o
    0x08001bde   0x00000008   Code   RO         1686    i.HAL_PCDEx_SetRxFiFo  stm32l4xx_hal_pcd_ex.o
    0x08001be6   0x00000044   Code   RO         1687    i.HAL_PCDEx_SetTxFiFo  stm32l4xx_hal_pcd_ex.o
    0x08001c2a   0x00000008   Code   RO         3215    i.HAL_PCD_ConnectCallback  usbd_conf.o
    0x08001c32   0x00000012   Code   RO         3216    i.HAL_PCD_DataInStageCallback  usbd_conf.o
    0x08001c44   0x00000014   Code   RO         3217    i.HAL_PCD_DataOutStageCallback  usbd_conf.o
    0x08001c58   0x00000008   Code   RO         3218    i.HAL_PCD_DisconnectCallback  usbd_conf.o
    0x08001c60   0x00000044   Code   RO         1096    i.HAL_PCD_EP_Close  stm32l4xx_hal_pcd.o
    0x08001ca4   0x00000050   Code   RO         1097    i.HAL_PCD_EP_ClrStall  stm32l4xx_hal_pcd.o
    0x08001cf4   0x00000014   Code   RO         1099    i.HAL_PCD_EP_GetRxCount  stm32l4xx_hal_pcd.o
    0x08001d08   0x00000048   Code   RO         1100    i.HAL_PCD_EP_Open   stm32l4xx_hal_pcd.o
    0x08001d50   0x00000056   Code   RO         1101    i.HAL_PCD_EP_Receive  stm32l4xx_hal_pcd.o
    0x08001da6   0x00000060   Code   RO         1102    i.HAL_PCD_EP_SetStall  stm32l4xx_hal_pcd.o
    0x08001e06   0x0000004e   Code   RO         1103    i.HAL_PCD_EP_Transmit  stm32l4xx_hal_pcd.o
    0x08001e54   0x00000450   Code   RO         1105    i.HAL_PCD_IRQHandler  stm32l4xx_hal_pcd.o
    0x080022a4   0x00000008   Code   RO         3219    i.HAL_PCD_ISOINIncompleteCallback  usbd_conf.o
    0x080022ac   0x00000008   Code   RO         3220    i.HAL_PCD_ISOOUTIncompleteCallback  usbd_conf.o
    0x080022b4   0x000000e2   Code   RO         1108    i.HAL_PCD_Init      stm32l4xx_hal_pcd.o
    0x08002396   0x00000002   PAD
    0x08002398   0x00000080   Code   RO         3222    i.HAL_PCD_MspInit   usbd_conf.o
    0x08002418   0x0000001a   Code   RO         3223    i.HAL_PCD_ResetCallback  usbd_conf.o
    0x08002432   0x00000002   PAD
    0x08002434   0x00000034   Code   RO         3224    i.HAL_PCD_ResumeCallback  usbd_conf.o
    0x08002468   0x00000008   Code   RO         3225    i.HAL_PCD_SOFCallback  usbd_conf.o
    0x08002470   0x00000028   Code   RO         1114    i.HAL_PCD_SetAddress  stm32l4xx_hal_pcd.o
    0x08002498   0x0000000e   Code   RO         3226    i.HAL_PCD_SetupStageCallback  usbd_conf.o
    0x080024a6   0x0000002a   Code   RO         1116    i.HAL_PCD_Start     stm32l4xx_hal_pcd.o
    0x080024d0   0x00000030   Code   RO         3227    i.HAL_PCD_SuspendCallback  usbd_conf.o
    0x08002500   0x00000064   Code   RO         2390    i.HAL_PWREx_ControlVoltageScaling  stm32l4xx_hal_pwr_ex.o
    0x08002564   0x00000010   Code   RO         2416    i.HAL_PWREx_EnableVddUSB  stm32l4xx_hal_pwr_ex.o
    0x08002574   0x00000010   Code   RO         2421    i.HAL_PWREx_GetVoltageRange  stm32l4xx_hal_pwr_ex.o
    0x08002584   0x00000010   Code   RO          409    i.HAL_RCCEx_EnableMSIPLLMode  stm32l4xx_hal_rcc_ex.o
    0x08002594   0x000003a2   Code   RO          416    i.HAL_RCCEx_PeriphCLKConfig  stm32l4xx_hal_rcc_ex.o
    0x08002936   0x00000002   PAD
    0x08002938   0x00000180   Code   RO          699    i.HAL_RCC_ClockConfig  stm32l4xx_hal_rcc.o
    0x08002ab8   0x0000000c   Code   RO          703    i.HAL_RCC_GetHCLKFreq  stm32l4xx_hal_rcc.o
    0x08002ac4   0x000000fc   Code   RO          707    i.HAL_RCC_GetSysClockFreq  stm32l4xx_hal_rcc.o
    0x08002bc0   0x000004a0   Code   RO          710    i.HAL_RCC_OscConfig  stm32l4xx_hal_rcc.o
    0x08003060   0x00000018   Code   RO         2647    i.HAL_SYSTICK_CLKSourceConfig  stm32l4xx_hal_cortex.o
    0x08003078   0x00000002   Code   RO         2648    i.HAL_SYSTICK_Callback  stm32l4xx_hal_cortex.o
    0x0800307a   0x00000028   Code   RO         2649    i.HAL_SYSTICK_Config  stm32l4xx_hal_cortex.o
    0x080030a2   0x00000008   Code   RO         2650    i.HAL_SYSTICK_IRQHandler  stm32l4xx_hal_cortex.o
    0x080030aa   0x00000002   Code   RO         3656    i.HardFault_Handler  stm32l4xx_it.o
    0x080030ac   0x00000064   Code   RO         3778    i.MX_ADC1_Init      rapidtest.o
    0x08003110   0x00000060   Code   RO         3779    i.MX_ADC2_Init      rapidtest.o
    0x08003170   0x0000004c   Code   RO         3780    i.MX_DMA_Init       rapidtest.o
    0x080031bc   0x000000c4   Code   RO         3781    i.MX_GPIO_Init      rapidtest.o
    0x08003280   0x00000044   Code   RO         3616    i.MX_USB_DEVICE_Init  usb_device.o
    0x080032c4   0x00000002   Code   RO         3657    i.MemManage_Handler  stm32l4xx_it.o
    0x080032c6   0x00000002   Code   RO         3658    i.NMI_Handler       stm32l4xx_it.o
    0x080032c8   0x00000020   Code   RO         2651    i.NVIC_SetPriority  stm32l4xx_hal_cortex.o
    0x080032e8   0x0000000c   Code   RO         3659    i.OTG_FS_IRQHandler  stm32l4xx_it.o
    0x080032f4   0x0000009c   Code   RO         1119    i.PCD_WriteEmptyTxFifo  stm32l4xx_hal_pcd.o
    0x08003390   0x0000009c   Code   RO          419    i.RCCEx_PLLSAI1_ConfigNP  stm32l4xx_hal_rcc_ex.o
    0x0800342c   0x000000a0   Code   RO          420    i.RCCEx_PLLSAI1_ConfigNQ  stm32l4xx_hal_rcc_ex.o
    0x080034cc   0x000000a0   Code   RO          421    i.RCCEx_PLLSAI1_ConfigNR  stm32l4xx_hal_rcc_ex.o
    0x0800356c   0x0000009c   Code   RO          422    i.RCCEx_PLLSAI2_ConfigNP  stm32l4xx_hal_rcc_ex.o
    0x08003608   0x000000a0   Code   RO          423    i.RCCEx_PLLSAI2_ConfigNR  stm32l4xx_hal_rcc_ex.o
    0x080036a8   0x0000007c   Code   RO          711    i.RCC_SetFlashLatencyFromMSIRange  stm32l4xx_hal_rcc.o
    0x08003724   0x0000000e   Code   RO         3660    i.SysTick_Handler   stm32l4xx_it.o
    0x08003732   0x00000002   PAD
    0x08003734   0x000000b8   Code   RO         3782    i.SystemClock_Config  rapidtest.o
    0x080037ec   0x00000044   Code   RO         3868    i.SystemInit        system_stm32l4xx.o
    0x08003830   0x00000014   Code   RO         2819    i.USBD_CDC_DataIn   usbd_cdc.o
    0x08003844   0x0000002e   Code   RO         2820    i.USBD_CDC_DataOut  usbd_cdc.o
    0x08003872   0x0000003c   Code   RO         2821    i.USBD_CDC_DeInit   usbd_cdc.o
    0x080038ae   0x00000024   Code   RO         2822    i.USBD_CDC_EP0_RxReady  usbd_cdc.o
    0x080038d2   0x00000002   PAD
    0x080038d4   0x0000000c   Code   RO         2823    i.USBD_CDC_GetDeviceQualifierDescriptor  usbd_cdc.o
    0x080038e0   0x0000000c   Code   RO         2824    i.USBD_CDC_GetFSCfgDesc  usbd_cdc.o
    0x080038ec   0x0000000c   Code   RO         2825    i.USBD_CDC_GetHSCfgDesc  usbd_cdc.o
    0x080038f8   0x0000000c   Code   RO         2826    i.USBD_CDC_GetOtherSpeedCfgDesc  usbd_cdc.o
    0x08003904   0x00000088   Code   RO         2827    i.USBD_CDC_Init     usbd_cdc.o
    0x0800398c   0x00000028   Code   RO         2828    i.USBD_CDC_ReceivePacket  usbd_cdc.o
    0x080039b4   0x00000010   Code   RO         2829    i.USBD_CDC_RegisterInterface  usbd_cdc.o
    0x080039c4   0x0000000c   Code   RO         2830    i.USBD_CDC_SetRxBuffer  usbd_cdc.o
    0x080039d0   0x00000010   Code   RO         2831    i.USBD_CDC_SetTxBuffer  usbd_cdc.o
    0x080039e0   0x00000070   Code   RO         2832    i.USBD_CDC_Setup    usbd_cdc.o
    0x08003a50   0x00000030   Code   RO         2833    i.USBD_CDC_TransmitPacket  usbd_cdc.o
    0x08003a80   0x0000000e   Code   RO         3075    i.USBD_ClrClassConfig  usbd_core.o
    0x08003a8e   0x00000010   Code   RO         2950    i.USBD_CtlContinueRx  usbd_ioreq.o
    0x08003a9e   0x00000010   Code   RO         2951    i.USBD_CtlContinueSendData  usbd_ioreq.o
    0x08003aae   0x00000016   Code   RO         3010    i.USBD_CtlError     usbd_ctlreq.o
    0x08003ac4   0x0000001e   Code   RO         2952    i.USBD_CtlPrepareRx  usbd_ioreq.o
    0x08003ae2   0x00000016   Code   RO         2953    i.USBD_CtlReceiveStatus  usbd_ioreq.o
    0x08003af8   0x0000001a   Code   RO         2954    i.USBD_CtlSendData  usbd_ioreq.o
    0x08003b12   0x00000016   Code   RO         2955    i.USBD_CtlSendStatus  usbd_ioreq.o
    0x08003b28   0x00000020   Code   RO         3488    i.USBD_FS_ConfigStrDescriptor  usbd_desc.o
    0x08003b48   0x0000000c   Code   RO         3489    i.USBD_FS_DeviceDescriptor  usbd_desc.o
    0x08003b54   0x00000024   Code   RO         3490    i.USBD_FS_InterfaceStrDescriptor  usbd_desc.o
    0x08003b78   0x0000000c   Code   RO         3491    i.USBD_FS_LangIDStrDescriptor  usbd_desc.o
    0x08003b84   0x00000028   Code   RO         3492    i.USBD_FS_ManufacturerStrDescriptor  usbd_desc.o
    0x08003bac   0x0000002c   Code   RO         3493    i.USBD_FS_ProductStrDescriptor  usbd_desc.o
    0x08003bd8   0x00000024   Code   RO         3494    i.USBD_FS_SerialStrDescriptor  usbd_desc.o
    0x08003bfc   0x000000e0   Code   RO         3011    i.USBD_GetDescriptor  usbd_ctlreq.o
    0x08003cdc   0x00000046   Code   RO         3012    i.USBD_GetString    usbd_ctlreq.o
    0x08003d22   0x0000002a   Code   RO         3077    i.USBD_Init         usbd_core.o
    0x08003d4c   0x00000012   Code   RO         3228    i.USBD_LL_BatteryCharging  usbd_conf.o
    0x08003d5e   0x0000000e   Code   RO         3229    i.USBD_LL_ClearStallEP  usbd_conf.o
    0x08003d6c   0x0000000e   Code   RO         3230    i.USBD_LL_CloseEP   usbd_conf.o
    0x08003d7a   0x000000aa   Code   RO         3078    i.USBD_LL_DataInStage  usbd_core.o
    0x08003e24   0x0000006a   Code   RO         3079    i.USBD_LL_DataOutStage  usbd_core.o
    0x08003e8e   0x00000004   Code   RO         3080    i.USBD_LL_DevConnected  usbd_core.o
    0x08003e92   0x00000016   Code   RO         3081    i.USBD_LL_DevDisconnected  usbd_core.o
    0x08003ea8   0x00000008   Code   RO         3234    i.USBD_LL_GetRxDataSize  usbd_conf.o
    0x08003eb0   0x00000058   Code   RO         3235    i.USBD_LL_Init      usbd_conf.o
    0x08003f08   0x00000020   Code   RO         3236    i.USBD_LL_IsStallEP  usbd_conf.o
    0x08003f28   0x00000004   Code   RO         3082    i.USBD_LL_IsoINIncomplete  usbd_core.o
    0x08003f2c   0x00000004   Code   RO         3083    i.USBD_LL_IsoOUTIncomplete  usbd_core.o
    0x08003f30   0x00000014   Code   RO         3237    i.USBD_LL_OpenEP    usbd_conf.o
    0x08003f44   0x0000000e   Code   RO         3238    i.USBD_LL_PrepareReceive  usbd_conf.o
    0x08003f52   0x0000003e   Code   RO         3084    i.USBD_LL_Reset     usbd_core.o
    0x08003f90   0x0000000c   Code   RO         3085    i.USBD_LL_Resume    usbd_core.o
    0x08003f9c   0x00000018   Code   RO         3086    i.USBD_LL_SOF       usbd_core.o
    0x08003fb4   0x00000006   Code   RO         3087    i.USBD_LL_SetSpeed  usbd_core.o
    0x08003fba   0x0000000e   Code   RO         3239    i.USBD_LL_SetUSBAddress  usbd_conf.o
    0x08003fc8   0x0000005a   Code   RO         3088    i.USBD_LL_SetupStage  usbd_core.o
    0x08004022   0x0000000e   Code   RO         3240    i.USBD_LL_StallEP   usbd_conf.o
    0x08004030   0x0000000e   Code   RO         3241    i.USBD_LL_Start     usbd_conf.o
    0x0800403e   0x00000012   Code   RO         3089    i.USBD_LL_Suspend   usbd_core.o
    0x08004050   0x0000000e   Code   RO         3243    i.USBD_LL_Transmit  usbd_conf.o
    0x0800405e   0x00000028   Code   RO         3013    i.USBD_ParseSetupRequest  usbd_ctlreq.o
    0x08004086   0x00000010   Code   RO         3090    i.USBD_RegisterClass  usbd_core.o
    0x08004096   0x00000016   Code   RO         3092    i.USBD_SetClassConfig  usbd_core.o
    0x080040ac   0x00000074   Code   RO         3014    i.USBD_SetConfig    usbd_ctlreq.o
    0x08004120   0x0000000a   Code   RO         3093    i.USBD_Start        usbd_core.o
    0x0800412a   0x000000f2   Code   RO         3015    i.USBD_StdDevReq    usbd_ctlreq.o
    0x0800421c   0x000000dc   Code   RO         3016    i.USBD_StdEPReq     usbd_ctlreq.o
    0x080042f8   0x00000034   Code   RO         3017    i.USBD_StdItfReq    usbd_ctlreq.o
    0x0800432c   0x00000002   Code   RO         3244    i.USBD_static_free  usbd_conf.o
    0x0800432e   0x00000002   PAD
    0x08004330   0x00000008   Code   RO         3245    i.USBD_static_malloc  usbd_conf.o
    0x08004338   0x00000080   Code   RO            5    i.USB_ActivateEndpoint  stm32l4xx_ll_usb.o
    0x080043b8   0x00000034   Code   RO            7    i.USB_ActivateSetup  stm32l4xx_ll_usb.o
    0x080043ec   0x00000024   Code   RO            9    i.USB_CoreInit      stm32l4xx_ll_usb.o
    0x08004410   0x0000004c   Code   RO           10    i.USB_CoreReset     stm32l4xx_ll_usb.o
    0x0800445c   0x0000006e   Code   RO           13    i.USB_DeactivateEndpoint  stm32l4xx_ll_usb.o
    0x080044ca   0x00000018   Code   RO           14    i.USB_DevConnect    stm32l4xx_ll_usb.o
    0x080044e2   0x00000018   Code   RO           15    i.USB_DevDisconnect  stm32l4xx_ll_usb.o
    0x080044fa   0x00000002   PAD
    0x080044fc   0x00000144   Code   RO           16    i.USB_DevInit       stm32l4xx_ll_usb.o
    0x08004640   0x0000000c   Code   RO           17    i.USB_DisableGlobalInt  stm32l4xx_ll_usb.o
    0x0800464c   0x0000011c   Code   RO           20    i.USB_EP0StartXfer  stm32l4xx_ll_usb.o
    0x08004768   0x0000002e   Code   RO           21    i.USB_EP0_OutStart  stm32l4xx_ll_usb.o
    0x08004796   0x00000064   Code   RO           22    i.USB_EPClearStall  stm32l4xx_ll_usb.o
    0x080047fa   0x0000005e   Code   RO           23    i.USB_EPSetStall    stm32l4xx_ll_usb.o
    0x08004858   0x000001f8   Code   RO           24    i.USB_EPStartXfer   stm32l4xx_ll_usb.o
    0x08004a50   0x0000000c   Code   RO           25    i.USB_EnableGlobalInt  stm32l4xx_ll_usb.o
    0x08004a5c   0x00000020   Code   RO           26    i.USB_FlushRxFifo   stm32l4xx_ll_usb.o
    0x08004a7c   0x00000024   Code   RO           27    i.USB_FlushTxFifo   stm32l4xx_ll_usb.o
    0x08004aa0   0x00000008   Code   RO           31    i.USB_GetMode       stm32l4xx_ll_usb.o
    0x08004aa8   0x0000000e   Code   RO           38    i.USB_ReadDevAllInEpInterrupt  stm32l4xx_ll_usb.o
    0x08004ab6   0x0000000e   Code   RO           39    i.USB_ReadDevAllOutEpInterrupt  stm32l4xx_ll_usb.o
    0x08004ac4   0x0000001e   Code   RO           40    i.USB_ReadDevInEPInterrupt  stm32l4xx_ll_usb.o
    0x08004ae2   0x00000010   Code   RO           41    i.USB_ReadDevOutEPInterrupt  stm32l4xx_ll_usb.o
    0x08004af2   0x00000008   Code   RO           42    i.USB_ReadInterrupts  stm32l4xx_ll_usb.o
    0x08004afa   0x00000020   Code   RO           43    i.USB_ReadPacket    stm32l4xx_ll_usb.o
    0x08004b1a   0x0000002c   Code   RO           45    i.USB_SetCurrentMode  stm32l4xx_ll_usb.o
    0x08004b46   0x00000022   Code   RO           46    i.USB_SetDevAddress  stm32l4xx_ll_usb.o
    0x08004b68   0x00000024   Code   RO           50    i.USB_WritePacket   stm32l4xx_ll_usb.o
    0x08004b8c   0x00000002   Code   RO         3661    i.UsageFault_Handler  stm32l4xx_it.o
    0x08004b8e   0x00000002   PAD
    0x08004b90   0x00000028   Code   RO         3956    i.__0sprintf$1      mc_w.l(printf1.o)
    0x08004bb8   0x0000000e   Code   RO         4216    i.__scatterload_copy  mc_w.l(handlers.o)
    0x08004bc6   0x00000002   Code   RO         4217    i.__scatterload_null  mc_w.l(handlers.o)
    0x08004bc8   0x0000000e   Code   RO         4218    i.__scatterload_zeroinit  mc_w.l(handlers.o)
    0x08004bd6   0x00000002   PAD
    0x08004bd8   0x0000015a   Code   RO         3961    i._printf_core      mc_w.l(printf1.o)
    0x08004d32   0x0000000a   Code   RO         3963    i._sputc            mc_w.l(printf1.o)
    0x08004d3c   0x00000030   Code   RO         3556    i.firstclock        main.o
    0x08004d6c   0x0000001c   Code   RO         3783    i.getadc1           rapidtest.o
    0x08004d88   0x0000001c   Code   RO         3784    i.getadc2           rapidtest.o
    0x08004da4   0x0000012c   Code   RO         3557    i.getsensordata     main.o
    0x08004ed0   0x00000058   Code   RO         3785    i.init              rapidtest.o
    0x08004f28   0x00000034   Code   RO         3558    i.main              main.o
    0x08004f5c   0x0000000c   Code   RO         3559    i.nop               main.o
    0x08004f68   0x00000040   Data   RO         3869    .constdata          system_stm32l4xx.o
    0x08004fa8   0x00000020   Data   RO         4214    Region$$Table       anon$$obj.o


    Execution Region RW_IRAM1 (Base: 0x20000000, Size: 0x000012e8, Max: 0x00018000, ABSOLUTE, COMPRESSED[0x000000bc])

    Base Addr    Size         Type   Attr      Idx    E Section Name        Object

    0x20000000   0x00000004   Data   RW         1780    .data               stm32l4xx_hal.o
    0x20000004   0x000000db   Data   RW         2834    .data               usbd_cdc.o
    0x200000df   0x00000001   PAD
    0x200000e0   0x00000038   Data   RW         2835    .data               usbd_cdc.o
    0x20000118   0x00000001   Data   RW         3018    .data               usbd_ctlreq.o
    0x20000119   0x00000003   PAD
    0x2000011c   0x00000010   Data   RW         3441    .data               usbd_cdc_if.o
    0x2000012c   0x0000000c   Data   RW         3442    .data               usbd_cdc_if.o
    0x20000138   0x0000001c   Data   RW         3496    .data               usbd_desc.o
    0x20000154   0x00000016   Data   RW         3497    .data               usbd_desc.o
    0x2000016a   0x00000002   PAD
    0x2000016c   0x00000013   Data   RW         3563    .data               main.o
    0x2000017f   0x00000001   PAD
    0x20000180   0x00000004   Data   RW         3742    .data               stm32l4xx_hal_msp.o
    0x20000184   0x00000008   Data   RW         3790    .data               rapidtest.o
    0x2000018c   0x00000004   Data   RW         3871    .data               system_stm32l4xx.o
    0x20000190   0x000005ec   Zero   RW         3246    .bss                usbd_conf.o
    0x2000077c   0x00000200   Zero   RW         3495    .bss                usbd_desc.o
    0x2000097c   0x00000200   Zero   RW         3561    .bss                main.o
    0x20000b7c   0x00000224   Zero   RW         3617    .bss                usb_device.o
    0x20000da0   0x000000d0   Zero   RW         3787    .bss                rapidtest.o
    0x20000e70   0x0000003c   Zero   RW         3788    .bss                rapidtest.o
    0x20000eac   0x0000003c   Zero   RW         3789    .bss                rapidtest.o
    0x20000ee8   0x00000400   Zero   RW         2809    STACK               startup_stm32l476xx.o


==============================================================================

Image component sizes


      Code (inc. data)   RO Data    RW Data    ZI Data      Debug   Object Name

       412         36          0         19        512       3302   main.o
       796         72          0          8        328       5596   rapidtest.o
        36          8        392          0       1024        816   startup_stm32l476xx.o
       114         18          0          4          0       4219   stm32l4xx_hal.o
      3136        106          0          0          0      12780   stm32l4xx_hal_adc.o
       190         14          0          0          0       4684   stm32l4xx_hal_adc_ex.o
       228         14          0          0          0      32257   stm32l4xx_hal_cortex.o
      1878         30          0          0          0       4227   stm32l4xx_hal_dma.o
       468         38          0          0          0       2564   stm32l4xx_hal_gpio.o
       328         38          0          4          0       2070   stm32l4xx_hal_msp.o
      2068          0          0          0          0      11457   stm32l4xx_hal_pcd.o
       138          6          0          0          0       3749   stm32l4xx_hal_pcd_ex.o
       132         24          0          0          0       1943   stm32l4xx_hal_pwr_ex.o
      1956         70          0          0          0       6226   stm32l4xx_hal_rcc.o
      1738         44          0          0          0       6549   stm32l4xx_hal_rcc_ex.o
        90         28          0          0          0       5285   stm32l4xx_it.o
      2130         46          0          0          0     494546   stm32l4xx_ll_usb.o
        68         12         64          4          0       1489   system_stm32l4xx.o
        68         18          0          0        548        768   usb_device.o
       590         22          0        275          0      17726   usbd_cdc.o
       116         18          0         28          0       3441   usbd_cdc_if.o
       620         22          0          0       1516      17603   usbd_conf.o
       626          0          0          0          0      12242   usbd_core.o
       986         30          0          1          0       8112   usbd_ctlreq.o
       212        116          0         50        512       5259   usbd_desc.o
       132          0          0          0          0       4600   usbd_ioreq.o

    ----------------------------------------------------------------------
     19284        830        488        400       4440     673510   Object Totals
         0          0         32          0          0          0   (incl. Generated)
        28          0          0          7          0          0   (incl. Padding)

    ----------------------------------------------------------------------

      Code (inc. data)   RO Data    RW Data    ZI Data      Debug   Library Member Name

        86          0          0          0          0          0   __dczerorl2.o
         0          0          0          0          0          0   entry.o
         0          0          0          0          0          0   entry10a.o
         0          0          0          0          0          0   entry11a.o
         8          4          0          0          0          0   entry2.o
         4          0          0          0          0          0   entry5.o
         0          0          0          0          0          0   entry7b.o
         0          0          0          0          0          0   entry8b.o
         8          4          0          0          0          0   entry9a.o
        30          0          0          0          0          0   handlers.o
        36          8          0          0          0         68   init.o
        36          0          0          0          0         68   memcpya.o
       396         10          0          0          0        252   printf1.o
        44          0          0          0          0         80   uidiv.o

    ----------------------------------------------------------------------
       652         26          0          0          0        468   Library Totals
         4          0          0          0          0          0   (incl. Padding)

    ----------------------------------------------------------------------

      Code (inc. data)   RO Data    RW Data    ZI Data      Debug   Library Name

       648         26          0          0          0        468   mc_w.l

    ----------------------------------------------------------------------
       652         26          0          0          0        468   Library Totals

    ----------------------------------------------------------------------

==============================================================================


      Code (inc. data)   RO Data    RW Data    ZI Data      Debug   

     19936        856        488        400       4440     654006   Grand Totals
     19936        856        488        188       4440     654006   ELF Image Totals (compressed)
     19936        856        488        188          0          0   ROM Totals

==============================================================================

    Total RO  Size (Code + RO Data)                20424 (  19.95kB)
    Total RW  Size (RW Data + ZI Data)              4840 (   4.73kB)
    Total ROM Size (Code + RO Data + RW Data)      20612 (  20.13kB)

==============================================================================

