<html>
<body>
<pre>
<h1>µVision Build Log</h1>
<h2>Tool Versions:</h2>
IDE-Version: µVision V5.20.0.0
Copyright (C) 2016 ARM Ltd and ARM Germany GmbH. All rights reserved.
License Information: q a, a, LIC=MPPAR-K57F8-DKNBN-YV1J7-JGC9T-DY73T
 
Tool Versions:
Toolchain:       MDK-ARM Plus  Version: 5.20
Toolchain Path:  C:\Keil_v5\ARM\ARMCC\Bin
C Compiler:      Armcc.exe V5.06 update 2 (build 183)
Assembler:       Armasm.exe V5.06 update 2 (build 183)
Linker/Locator:  ArmLink.exe V5.06 update 2 (build 183)
Library Manager: ArmAr.exe V5.06 update 2 (build 183)
Hex Converter:   FromElf.exe V5.06 update 2 (build 183)
CPU DLL:         SARMCM3.DLL V5.20
Dialog DLL:      DCM.DLL V1.13.7.0
Target DLL:      STLink\ST-LINKIII-KEIL_SWO.dll V2.0.18.0
Dialog DLL:      TCM.DLL V1.14.9.0
 
<h2>Project:</h2>
C:\Users\p855\Desktop\st projects\rapidtest\final\MDK-ARM\rapidtest.uvprojx
Project File Date:  05/16/2016

<h2>Output:</h2>
*** Using Compiler 'V5.06 update 2 (build 183)', folder: 'C:\Keil_v5\ARM\ARMCC\Bin'
Build target 'rapidtest'
compiling stm32l4xx_hal_gpio.c...
compiling stm32l4xx_ll_usb.c...
compiling stm32l4xx_hal_flash_ex.c...
compiling stm32l4xx_hal_rcc.c...
compiling stm32l4xx_hal_flash.c...
compiling stm32l4xx_hal_rcc_ex.c...
compiling stm32l4xx_hal_adc_ex.c...
compiling stm32l4xx_hal_flash_ramfunc.c...
compiling stm32l4xx_hal_pwr.c...
compiling stm32l4xx_hal_pcd_ex.c...
compiling stm32l4xx_hal.c...
compiling stm32l4xx_hal_pcd.c...
compiling stm32l4xx_hal_tim_ex.c...
compiling stm32l4xx_hal_tim.c...
compiling stm32l4xx_hal_dma.c...
compiling stm32l4xx_hal_adc.c...
compiling stm32l4xx_hal_i2c.c...
compiling stm32l4xx_hal_pwr_ex.c...
compiling stm32l4xx_hal_cortex.c...
assembling startup_stm32l476xx.s...
compiling stm32l4xx_hal_i2c_ex.c...
compiling usbd_ioreq.c...
compiling usbd_cdc.c...
compiling usbd_ctlreq.c...
compiling usbd_desc.c...
compiling usbd_core.c...
compiling usbd_cdc_if.c...
compiling usbd_conf.c...
compiling stm32l4xx_hal_msp.c...
compiling stm32l4xx_it.c...
compiling system_stm32l4xx.c...
compiling usb_device.c...
compiling main.c...
../Inc/rapidtest.h(14): warning:  #1-D: last line of file ends without a newline
  void sendusb(uint8_t data);
../Src/main.c(105): warning:  #513-D: a value of type "char *" cannot be assigned to an entity of type "uint8_t *"
  					p=buf2;
../Src/main.c(114): warning:  #513-D: a value of type "char *" cannot be assigned to an entity of type "uint8_t *"
  					p=buf2;
../Src/main.c: 3 warnings, 0 errors
compiling rapidtest.c...
..\Inc\rapidtest.h(14): warning:  #1-D: last line of file ends without a newline
  void sendusb(uint8_t data);
..\Inc\rapidtest.c(254): warning:  #1-D: last line of file ends without a newline
  }
..\Inc\rapidtest.c: 2 warnings, 0 errors
linking...
Program Size: Code=19936 RO-data=488 RW-data=400 ZI-data=4440  
"rapidtest\rapidtest.axf" - 0 Error(s), 5 Warning(s).

<h2>Software Packages used:</h2>

Package Vendor: ARM
                http://www.keil.com/pack/ARM.CMSIS.5.0.0-Beta4.pack
                ARM::CMSIS:CORE:5.0.0
                CMSIS (Cortex Microcontroller Software Interface Standard)
   * Component: CORE Version: 5.0.0

<h2>Collection of Component include folders:</h2>
  C:\Users\p855\Desktop\st projects\rapidtest\final\MDK-ARM\RTE
  C:\Keil_v5\ARM\PACK\ARM\CMSIS\5.0.0-Beta4\CMSIS\Include
  C:\Keil_v5\ARM\PACK\Keil\STM32L4xx_DFP\1.2.0\Device\Include

<h2>Collection of Component Files used:</h2>

   * Component: ARM::CMSIS:CORE:5.0.0
Build Time Elapsed:  00:00:27
</pre>
</body>
</html>
